     VMA      LMA     Size Align Out     In      Symbol
       0        0        0     1 _stext = ORIGIN ( RAM ) + 0x420
   a0000    a0000     4700    64 .ram_nc
   a0000    a0000        0     1         __ram_nc_start = .
   a0000    a0000      300    64         /home/ferrite/rusty1968/initiative/aspeed-rust/target/thumbv7em-none-eabihf/release/deps/libaspeed_ddk-ba190f65fcc992d2.rlib(aspeed_ddk-ba190f65fcc992d2.aspeed_ddk.609ead220c3d04df-cgu.08.rcgu.o):(.ram_nc)
   a0000    a0000      300     1                 aspeed_ddk::hace_controller::SHARED_HASH_CTX::hd5debb0f3b7c4a33
   a0300    a0300     4400    32         /home/ferrite/rusty1968/initiative/aspeed-rust/target/thumbv7em-none-eabihf/release/deps/libaspeed_ddk-ba190f65fcc992d2.rlib(aspeed_ddk-ba190f65fcc992d2.aspeed_ddk.609ead220c3d04df-cgu.02.rcgu.o):(.ram_nc)
   a0300    a0300     4000     1                 aspeed_ddk::i2c::ast1060_i2c::MDMA_BUFFER::h3afb7446f04eee33
   a4300    a4300      400     1                 aspeed_ddk::i2c::ast1060_i2c::SDMA_BUFFER::h27a32b1f8816da24
   a4700    a4700        0     1         __ram_nc_end = .
   a4700    a4700        0     1 PROVIDE ( NonMaskableInt = DefaultHandler )
   a4700    a4700        0     1 PROVIDE ( MemoryManagement = DefaultHandler )
   a4700    a4700        0     1 PROVIDE ( BusFault = DefaultHandler )
   a4700    a4700        0     1 PROVIDE ( UsageFault = DefaultHandler )
   a4700    a4700        0     1 PROVIDE ( SVCall = DefaultHandler )
   a4700    a4700        0     1 PROVIDE ( DebugMonitor = DefaultHandler )
   a4700    a4700        0     1 PROVIDE ( PendSV = DefaultHandler )
   a4700    a4700        0     1 PROVIDE ( SysTick = DefaultHandler )
   a4700    a4700        0     1 PROVIDE ( DefaultHandler = DefaultHandler_ )
   a4700    a4700        0     1 PROVIDE ( HardFault = HardFault_ )
   a4700    a4700        0     1 PROVIDE ( _stack_start = ORIGIN ( RAM ) + LENGTH ( RAM ) )
       0        0      400     4 .vector_table
       0        0        4     1         LONG ( _stack_start )
       4        4        4     4         /home/ferrite/rusty1968/initiative/aspeed-rust/target/thumbv7em-none-eabihf/release/deps/libcortex_m_rt-7f0c5500b9abbdfd.rlib(cortex_m_rt-7f0c5500b9abbdfd.cortex_m_rt.6f21be2bbd52da44-cgu.0.rcgu.o):(.vector_table.reset_vector)
       4        4        4     1                 __RESET_VECTOR
       8        8        0     1         __reset_vector = .
       8        8       38     4         /home/ferrite/rusty1968/initiative/aspeed-rust/target/thumbv7em-none-eabihf/release/deps/libcortex_m_rt-7f0c5500b9abbdfd.rlib(cortex_m_rt-7f0c5500b9abbdfd.cortex_m_rt.6f21be2bbd52da44-cgu.0.rcgu.o):(.vector_table.exceptions)
       8        8       38     1                 __EXCEPTIONS
      40       40        0     1         __eexceptions = .
      40       40      3c0     4         /home/ferrite/rusty1968/initiative/aspeed-rust/target/thumbv7em-none-eabihf/release/deps/libast1060_pac-5c3de1007aac7e1c.rlib(ast1060_pac-5c3de1007aac7e1c.ast1060_pac.c6d9d37f8e245957-cgu.0.rcgu.o):(.vector_table.interrupts)
      40       40      3c0     1                 __INTERRUPTS
     420      420     bca0     4 .text
     420      420       84     2         /home/ferrite/rusty1968/initiative/aspeed-rust/target/thumbv7em-none-eabihf/release/deps/libcortex_m_rt-7f0c5500b9abbdfd.rlib(cortex_m_rt-7f0c5500b9abbdfd.cortex_m_rt.6f21be2bbd52da44-cgu.0.rcgu.o):(.Reset)
     420      420        0     1                 $t
     421      421       84     1                 Reset
     4a4      4a4      68e     2         /home/ferrite/rusty1968/initiative/aspeed-rust/target/thumbv7em-none-eabihf/release/deps/aspeed_ddk-9593e973eaaa5586.aspeed_ddk.875e341dad0a8fe1-cgu.0.rcgu.o:(.text._ZN10aspeed_ddk5tests10functional10ecdsa_test15run_ecdsa_tests17hcb6bf75ee4ab7a5dE)
     4a4      4a4        0     1                 $t
     4a5      4a5      68e     1                 aspeed_ddk::tests::functional::ecdsa_test::run_ecdsa_tests::hcb6bf75ee4ab7a5d
     b32      b32       24     2         /home/ferrite/rusty1968/initiative/aspeed-rust/target/thumbv7em-none-eabihf/release/deps/aspeed_ddk-9593e973eaaa5586.aspeed_ddk.875e341dad0a8fe1-cgu.0.rcgu.o:(.text._ZN42_$LT$$RF$T$u20$as$u20$core..fmt..Debug$GT$3fmt17h0447519422a59031E)
     b32      b32        0     1                 $t
     b33      b33       24     1                 _$LT$$RF$T$u20$as$u20$core..fmt..Debug$GT$::fmt::h0447519422a59031
     b56      b56       10     2         /home/ferrite/rusty1968/initiative/aspeed-rust/target/thumbv7em-none-eabihf/release/deps/aspeed_ddk-9593e973eaaa5586.aspeed_ddk.875e341dad0a8fe1-cgu.0.rcgu.o:(.text._ZN42_$LT$$RF$T$u20$as$u20$core..fmt..Debug$GT$3fmt17h465e8978082958a9E)
     b56      b56        0     1                 $t
     b57      b57       10     1                 _$LT$$RF$T$u20$as$u20$core..fmt..Debug$GT$::fmt::h465e8978082958a9
     b66      b66       18     2         /home/ferrite/rusty1968/initiative/aspeed-rust/target/thumbv7em-none-eabihf/release/deps/aspeed_ddk-9593e973eaaa5586.aspeed_ddk.875e341dad0a8fe1-cgu.0.rcgu.o:(.text._ZN42_$LT$$RF$T$u20$as$u20$core..fmt..Debug$GT$3fmt17h497587f578f61f77E)
     b66      b66        0     1                 $t
     b67      b67       18     1                 _$LT$$RF$T$u20$as$u20$core..fmt..Debug$GT$::fmt::h497587f578f61f77
     b7e      b7e       24     2         /home/ferrite/rusty1968/initiative/aspeed-rust/target/thumbv7em-none-eabihf/release/deps/aspeed_ddk-9593e973eaaa5586.aspeed_ddk.875e341dad0a8fe1-cgu.0.rcgu.o:(.text._ZN42_$LT$$RF$T$u20$as$u20$core..fmt..Debug$GT$3fmt17h4ecd398eebaf10f2E)
     b7e      b7e        0     1                 $t
     b7f      b7f       24     1                 _$LT$$RF$T$u20$as$u20$core..fmt..Debug$GT$::fmt::h4ecd398eebaf10f2
     ba2      ba2       18     2         /home/ferrite/rusty1968/initiative/aspeed-rust/target/thumbv7em-none-eabihf/release/deps/aspeed_ddk-9593e973eaaa5586.aspeed_ddk.875e341dad0a8fe1-cgu.0.rcgu.o:(.text._ZN42_$LT$$RF$T$u20$as$u20$core..fmt..Debug$GT$3fmt17h684b695747850fd3E)
     ba2      ba2        0     1                 $t
     ba3      ba3       18     1                 _$LT$$RF$T$u20$as$u20$core..fmt..Debug$GT$::fmt::h684b695747850fd3
     bba      bba       46     2         /home/ferrite/rusty1968/initiative/aspeed-rust/target/thumbv7em-none-eabihf/release/deps/aspeed_ddk-9593e973eaaa5586.aspeed_ddk.875e341dad0a8fe1-cgu.0.rcgu.o:(.text._ZN42_$LT$$RF$T$u20$as$u20$core..fmt..Debug$GT$3fmt17hae4c3b27d2b1640cE)
     bba      bba        0     1                 $t
     bbb      bbb       46     1                 _$LT$$RF$T$u20$as$u20$core..fmt..Debug$GT$::fmt::hae4c3b27d2b1640c
     c00      c00       48     2         /home/ferrite/rusty1968/initiative/aspeed-rust/target/thumbv7em-none-eabihf/release/deps/aspeed_ddk-9593e973eaaa5586.aspeed_ddk.875e341dad0a8fe1-cgu.0.rcgu.o:(.text._ZN42_$LT$$RF$T$u20$as$u20$core..fmt..Debug$GT$3fmt17hc23419efbcea43c9E)
     c00      c00        0     1                 $t
     c01      c01       48     1                 _$LT$$RF$T$u20$as$u20$core..fmt..Debug$GT$::fmt::hc23419efbcea43c9
     c48      c48        a     2         /home/ferrite/rusty1968/initiative/aspeed-rust/target/thumbv7em-none-eabihf/release/deps/aspeed_ddk-9593e973eaaa5586.aspeed_ddk.875e341dad0a8fe1-cgu.0.rcgu.o:(.text._ZN44_$LT$$RF$T$u20$as$u20$core..fmt..Display$GT$3fmt17ha1650d27a718d949E)
     c48      c48        0     1                 $t
     c49      c49        a     1                 _$LT$$RF$T$u20$as$u20$core..fmt..Display$GT$::fmt::ha1650d27a718d949
     c52      c52       fc     2         /home/ferrite/rusty1968/initiative/aspeed-rust/target/thumbv7em-none-eabihf/release/deps/aspeed_ddk-9593e973eaaa5586.aspeed_ddk.875e341dad0a8fe1-cgu.0.rcgu.o:(.text._ZN4core3fmt5Write10write_char17hf59c7f94bf770402E.llvm.11022154256357222491)
     c52      c52        0     1                 $t
     c53      c53       fc     1                 core::fmt::Write::write_char::hf59c7f94bf770402 (.llvm.11022154256357222491)
     d4e      d4e        e     2         /home/ferrite/rusty1968/initiative/aspeed-rust/target/thumbv7em-none-eabihf/release/deps/aspeed_ddk-9593e973eaaa5586.aspeed_ddk.875e341dad0a8fe1-cgu.0.rcgu.o:(.text._ZN4core3fmt5Write9write_fmt17h1e038e241271fe23E.llvm.11022154256357222491)
     d4e      d4e        0     1                 $t
     d4f      d4f        e     1                 core::fmt::Write::write_fmt::h1e038e241271fe23 (.llvm.11022154256357222491)
     d5c      d5c       52     2         /home/ferrite/rusty1968/initiative/aspeed-rust/target/thumbv7em-none-eabihf/release/deps/aspeed_ddk-9593e973eaaa5586.aspeed_ddk.875e341dad0a8fe1-cgu.0.rcgu.o:(.text._ZN70_$LT$core..result..Result$LT$T$C$E$GT$$u20$as$u20$core..fmt..Debug$GT$3fmt17h0234eec73739e821E)
     d5c      d5c        0     1                 $t
     d5d      d5d       52     1                 _$LT$core..result..Result$LT$T$C$E$GT$$u20$as$u20$core..fmt..Debug$GT$::fmt::h0234eec73739e821
     dae      dae       40     2         /home/ferrite/rusty1968/initiative/aspeed-rust/target/thumbv7em-none-eabihf/release/deps/aspeed_ddk-9593e973eaaa5586.aspeed_ddk.875e341dad0a8fe1-cgu.0.rcgu.o:(.text._ZN72_$LT$embedded_io..WriteFmtError$LT$E$GT$$u20$as$u20$core..fmt..Debug$GT$3fmt17hb64d22664a32e58cE)
     dae      dae        0     1                 $t
     daf      daf       40     1                 _$LT$embedded_io..WriteFmtError$LT$E$GT$$u20$as$u20$core..fmt..Debug$GT$::fmt::hb64d22664a32e58c
     dee      dee       86     2         /home/ferrite/rusty1968/initiative/aspeed-rust/target/thumbv7em-none-eabihf/release/deps/aspeed_ddk-9593e973eaaa5586.aspeed_ddk.875e341dad0a8fe1-cgu.0.rcgu.o:(.text._ZN84_$LT$embedded_io..Write..write_fmt..Adapter$LT$T$GT$$u20$as$u20$core..fmt..Write$GT$9write_str17h8b5cef22e0db88d1E.llvm.11022154256357222491)
     dee      dee        0     1                 $t
     def      def       86     1                 _$LT$embedded_io..Write..write_fmt..Adapter$LT$T$GT$$u20$as$u20$core..fmt..Write$GT$::write_str::h8b5cef22e0db88d1 (.llvm.11022154256357222491)
     e74      e74      390     2         /home/ferrite/rusty1968/initiative/aspeed-rust/target/thumbv7em-none-eabihf/release/deps/aspeed_ddk-9593e973eaaa5586.aspeed_ddk.875e341dad0a8fe1-cgu.1.rcgu.o:(.text._ZN10aspeed_ddk3rsa18AspeedRsa$LT$D$GT$18aspeed_rsa_trigger17hb2be05113b25f13aE)
     e74      e74        0     1                 $t
     e75      e75      390     1                 aspeed_ddk::rsa::AspeedRsa$LT$D$GT$::aspeed_rsa_trigger::hb2be05113b25f13a
    1204     1204      ae6     2         /home/ferrite/rusty1968/initiative/aspeed-rust/target/thumbv7em-none-eabihf/release/deps/aspeed_ddk-9593e973eaaa5586.aspeed_ddk.875e341dad0a8fe1-cgu.1.rcgu.o:(.text._ZN10aspeed_ddk5tests10functional8rsa_test13run_rsa_tests17hc1f4080f361661e2E)
    1204     1204        0     1                 $t
    1205     1205      ae6     1                 aspeed_ddk::tests::functional::rsa_test::run_rsa_tests::hc1f4080f361661e2
    1cea     1cea       22     2         /home/ferrite/rusty1968/initiative/aspeed-rust/target/thumbv7em-none-eabihf/release/deps/aspeed_ddk-9593e973eaaa5586.aspeed_ddk.875e341dad0a8fe1-cgu.1.rcgu.o:(.text._ZN68_$LT$aspeed_ddk..rsa..RsaDriverError$u20$as$u20$core..fmt..Debug$GT$3fmt17h3deea5e68bbe096fE)
    1cea     1cea        0     1                 $t
    1ceb     1ceb       22     1                 _$LT$aspeed_ddk..rsa..RsaDriverError$u20$as$u20$core..fmt..Debug$GT$::fmt::h3deea5e68bbe096f
    1d0c     1d0c       40     2         /home/ferrite/rusty1968/initiative/aspeed-rust/target/thumbv7em-none-eabihf/release/deps/aspeed_ddk-9593e973eaaa5586.aspeed_ddk.875e341dad0a8fe1-cgu.1.rcgu.o:(.text._ZN72_$LT$embedded_io..WriteFmtError$LT$E$GT$$u20$as$u20$core..fmt..Debug$GT$3fmt17hb64d22664a32e58cE)
    1d0c     1d0c        0     1                 $t
    1d0d     1d0d       40     1                 _$LT$embedded_io..WriteFmtError$LT$E$GT$$u20$as$u20$core..fmt..Debug$GT$::fmt::hb64d22664a32e58c
    1d4c     1d4c       46     2         /home/ferrite/rusty1968/initiative/aspeed-rust/target/thumbv7em-none-eabihf/release/deps/aspeed_ddk-9593e973eaaa5586.aspeed_ddk.875e341dad0a8fe1-cgu.2.rcgu.o:(.text._ZN12embedded_hal5delay7DelayNs8delay_ms17h37999deb4df2f288E)
    1d4c     1d4c        0     1                 $t
    1d4d     1d4d       46     1                 embedded_hal::delay::DelayNs::delay_ms::h37999deb4df2f288
    1d92     1d92       4a     2         /home/ferrite/rusty1968/initiative/aspeed-rust/target/thumbv7em-none-eabihf/release/deps/aspeed_ddk-9593e973eaaa5586.aspeed_ddk.875e341dad0a8fe1-cgu.2.rcgu.o:(.text._ZN12embedded_hal5delay7DelayNs8delay_us17hbed4ba303c3b48b3E)
    1d92     1d92        0     1                 $t
    1d93     1d93       4a     1                 embedded_hal::delay::DelayNs::delay_us::hbed4ba303c3b48b3
    1ddc     1ddc       22     2         /home/ferrite/rusty1968/initiative/aspeed-rust/target/thumbv7em-none-eabihf/release/deps/aspeed_ddk-9593e973eaaa5586.aspeed_ddk.875e341dad0a8fe1-cgu.2.rcgu.o:(.text._ZN69_$LT$aspeed_ddk..uart..Uart16550Error$u20$as$u20$core..fmt..Debug$GT$3fmt17h139c5543cd9345ecE)
    1ddc     1ddc        0     1                 $t
    1ddd     1ddd       22     1                 _$LT$aspeed_ddk..uart..Uart16550Error$u20$as$u20$core..fmt..Debug$GT$::fmt::h139c5543cd9345ec
    1dfe     1dfe       40     2         /home/ferrite/rusty1968/initiative/aspeed-rust/target/thumbv7em-none-eabihf/release/deps/aspeed_ddk-9593e973eaaa5586.aspeed_ddk.875e341dad0a8fe1-cgu.2.rcgu.o:(.text._ZN72_$LT$embedded_io..WriteFmtError$LT$E$GT$$u20$as$u20$core..fmt..Debug$GT$3fmt17hb64d22664a32e58cE)
    1dfe     1dfe        0     1                 $t
    1dff     1dff       40     1                 _$LT$embedded_io..WriteFmtError$LT$E$GT$$u20$as$u20$core..fmt..Debug$GT$::fmt::hb64d22664a32e58c
    1e3e     1e3e       1a     2         /home/ferrite/rusty1968/initiative/aspeed-rust/target/thumbv7em-none-eabihf/release/deps/aspeed_ddk-9593e973eaaa5586.aspeed_ddk.875e341dad0a8fe1-cgu.2.rcgu.o:(.text._ZN71_$LT$aspeed_ddk..DummyDelay$u20$as$u20$embedded_hal..delay..DelayNs$GT$8delay_ns17hb556bb632643a508E)
    1e3e     1e3e        0     1                 $t
    1e3f     1e3f       1a     1                 _$LT$aspeed_ddk..DummyDelay$u20$as$u20$embedded_hal..delay..DelayNs$GT$::delay_ns::hb556bb632643a508
    1e58     1e58      546     2         /home/ferrite/rusty1968/initiative/aspeed-rust/target/thumbv7em-none-eabihf/release/deps/aspeed_ddk-9593e973eaaa5586.aspeed_ddk.875e341dad0a8fe1-cgu.2.rcgu.o:(.text._ZN10aspeed_ddk15validate_digest17h34edd2ed8ac4544aE)
    1e58     1e58        0     1                 $t
    1e59     1e59      546     1                 aspeed_ddk::validate_digest::h34edd2ed8ac4544a
    239e     239e       38     2         /home/ferrite/rusty1968/initiative/aspeed-rust/target/thumbv7em-none-eabihf/release/deps/aspeed_ddk-9593e973eaaa5586.aspeed_ddk.875e341dad0a8fe1-cgu.2.rcgu.o:(.text.__pre_init)
    239e     239e        0     1                 $t
    239f     239f       38     1                 __pre_init
    23d6     23d6        8     2         /home/ferrite/rusty1968/initiative/aspeed-rust/target/thumbv7em-none-eabihf/release/deps/aspeed_ddk-9593e973eaaa5586.aspeed_ddk.875e341dad0a8fe1-cgu.2.rcgu.o:(.text.main)
    23d6     23d6        0     1                 $t
    23d7     23d7        8     1                 main
    23de     23de      af2     2         /home/ferrite/rusty1968/initiative/aspeed-rust/target/thumbv7em-none-eabihf/release/deps/aspeed_ddk-9593e973eaaa5586.aspeed_ddk.875e341dad0a8fe1-cgu.2.rcgu.o:(.text._ZN10aspeed_ddk18__cortex_m_rt_main17h660c8d2f550d75f9E)
    23de     23de        0     1                 $t
    23df     23df      af2     1                 aspeed_ddk::__cortex_m_rt_main::h660c8d2f550d75f9
    2ed0     2ed0        8     2         /home/ferrite/rusty1968/initiative/aspeed-rust/target/thumbv7em-none-eabihf/release/deps/libcortex_m_rt-7f0c5500b9abbdfd.rlib(cortex_m_rt-7f0c5500b9abbdfd.cortex_m_rt.6f21be2bbd52da44-cgu.0.rcgu.o):(.text.ResetTrampoline)
    2ed0     2ed0        0     1                 $t
    2ed1     2ed1        8     1                 ResetTrampoline
    2ed8     2ed8        2     2         /home/ferrite/rusty1968/initiative/aspeed-rust/target/thumbv7em-none-eabihf/release/deps/libcortex_m_rt-7f0c5500b9abbdfd.rlib(cortex_m_rt-7f0c5500b9abbdfd.cortex_m_rt.6f21be2bbd52da44-cgu.0.rcgu.o):(.text.DefaultHandler_)
    2ed8     2ed8        0     1                 $t
    2ed9     2ed9        2     1                 DefaultHandler_
    2eda     2eda        2     2         /home/ferrite/rusty1968/initiative/aspeed-rust/target/thumbv7em-none-eabihf/release/deps/libpanic_halt-274da950309540b1.rlib(panic_halt-274da950309540b1.panic_halt.b268679cc2626f32-cgu.0.rcgu.o):(.text.rust_begin_unwind)
    2eda     2eda        0     1                 $t
    2edb     2edb        2     1                 rust_begin_unwind
    2edc     2edc       24     2         /home/ferrite/rusty1968/initiative/aspeed-rust/target/thumbv7em-none-eabihf/release/deps/libaspeed_ddk-ba190f65fcc992d2.rlib(aspeed_ddk-ba190f65fcc992d2.aspeed_ddk.609ead220c3d04df-cgu.06.rcgu.o):(.text._ZN42_$LT$$RF$T$u20$as$u20$core..fmt..Debug$GT$3fmt17he630022910e8496bE)
    2edc     2edc        0     1                 $t
    2edd     2edd       24     1                 _$LT$$RF$T$u20$as$u20$core..fmt..Debug$GT$::fmt::he630022910e8496b
    2f00     2f00       2a     2         /home/ferrite/rusty1968/initiative/aspeed-rust/target/thumbv7em-none-eabihf/release/deps/libaspeed_ddk-ba190f65fcc992d2.rlib(aspeed_ddk-ba190f65fcc992d2.aspeed_ddk.609ead220c3d04df-cgu.06.rcgu.o):(.text._ZN70_$LT$core..num..error..TryFromIntError$u20$as$u20$core..fmt..Debug$GT$3fmt17h8c7e68eb481133a5E.llvm.16036159247860191969)
    2f00     2f00        0     1                 $t
    2f01     2f01       2a     1                 _$LT$core..num..error..TryFromIntError$u20$as$u20$core..fmt..Debug$GT$::fmt::h8c7e68eb481133a5 (.llvm.16036159247860191969)
    2f2a     2f2a       a6     2         /home/ferrite/rusty1968/initiative/aspeed-rust/target/thumbv7em-none-eabihf/release/deps/libaspeed_ddk-ba190f65fcc992d2.rlib(aspeed_ddk-ba190f65fcc992d2.aspeed_ddk.609ead220c3d04df-cgu.06.rcgu.o):(.text._ZN10aspeed_ddk4uart14UartController4init17h644bd8c8bae7790aE)
    2f2a     2f2a        0     1                 $t
    2f2b     2f2b       a6     1                 aspeed_ddk::uart::UartController::init::h644bd8c8bae7790a
    2fd0     2fd0       4a     2         /home/ferrite/rusty1968/initiative/aspeed-rust/target/thumbv7em-none-eabihf/release/deps/libaspeed_ddk-ba190f65fcc992d2.rlib(aspeed_ddk-ba190f65fcc992d2.aspeed_ddk.609ead220c3d04df-cgu.06.rcgu.o):(.text._ZN71_$LT$aspeed_ddk..uart..UartController$u20$as$u20$embedded_io..Write$GT$5write17hf922f9f2c0e75176E)
    2fd0     2fd0        0     1                 $t
    2fd1     2fd1       4a     1                 _$LT$aspeed_ddk..uart..UartController$u20$as$u20$embedded_io..Write$GT$::write::hf922f9f2c0e75176
    301a     301a       4a     2         /home/ferrite/rusty1968/initiative/aspeed-rust/target/thumbv7em-none-eabihf/release/deps/libaspeed_ddk-ba190f65fcc992d2.rlib(aspeed_ddk-ba190f65fcc992d2.aspeed_ddk.609ead220c3d04df-cgu.07.rcgu.o):(.text._ZN12embedded_hal5delay7DelayNs8delay_us17ha78ee3733be85c33E)
    301a     301a        0     1                 $t
    301b     301b       4a     1                 embedded_hal::delay::DelayNs::delay_us::ha78ee3733be85c33
    3064     3064        e     2         /home/ferrite/rusty1968/initiative/aspeed-rust/target/thumbv7em-none-eabihf/release/deps/libaspeed_ddk-ba190f65fcc992d2.rlib(aspeed_ddk-ba190f65fcc992d2.aspeed_ddk.609ead220c3d04df-cgu.07.rcgu.o):(.text._ZN4core3fmt5Write9write_fmt17h8d23e35fc13a6b38E)
    3064     3064        0     1                 $t
    3065     3065        e     1                 core::fmt::Write::write_fmt::h8d23e35fc13a6b38
    3072     3072        2     2         /home/ferrite/rusty1968/initiative/aspeed-rust/target/thumbv7em-none-eabihf/release/deps/libaspeed_ddk-ba190f65fcc992d2.rlib(aspeed_ddk-ba190f65fcc992d2.aspeed_ddk.609ead220c3d04df-cgu.07.rcgu.o):(.text._ZN4core3ptr61drop_in_place$LT$heapless..string..String$LT$64_usize$GT$$GT$17h6baa6e2764467e0eE)
    3072     3072        0     1                 $t
    3073     3073        2     1                 core::ptr::drop_in_place$LT$heapless..string..String$LT$64_usize$GT$$GT$::h6baa6e2764467e0e
    3074     3074      142     2         /home/ferrite/rusty1968/initiative/aspeed-rust/target/thumbv7em-none-eabihf/release/deps/libaspeed_ddk-ba190f65fcc992d2.rlib(aspeed_ddk-ba190f65fcc992d2.aspeed_ddk.609ead220c3d04df-cgu.07.rcgu.o):(.text._ZN70_$LT$heapless..string..String$LT$_$GT$$u20$as$u20$core..fmt..Write$GT$10write_char17he08a45360d479858E)
    3074     3074        0     1                 $t
    3075     3075      142     1                 _$LT$heapless..string..String$LT$_$GT$$u20$as$u20$core..fmt..Write$GT$::write_char::he08a45360d479858
    31b6     31b6       a6     2         /home/ferrite/rusty1968/initiative/aspeed-rust/target/thumbv7em-none-eabihf/release/deps/libaspeed_ddk-ba190f65fcc992d2.rlib(aspeed_ddk-ba190f65fcc992d2.aspeed_ddk.609ead220c3d04df-cgu.07.rcgu.o):(.text._ZN70_$LT$heapless..string..String$LT$_$GT$$u20$as$u20$core..fmt..Write$GT$9write_str17heca5f5175b2a7ef9E)
    31b6     31b6        0     1                 $t
    31b7     31b7       a6     1                 _$LT$heapless..string..String$LT$_$GT$$u20$as$u20$core..fmt..Write$GT$::write_str::heca5f5175b2a7ef9
    325c     325c       26     2         /home/ferrite/rusty1968/initiative/aspeed-rust/target/thumbv7em-none-eabihf/release/deps/libaspeed_ddk-ba190f65fcc992d2.rlib(aspeed_ddk-ba190f65fcc992d2.aspeed_ddk.609ead220c3d04df-cgu.07.rcgu.o):(.text._ZN79_$LT$aspeed_ddk..common..DummyDelay$u20$as$u20$embedded_hal..delay..DelayNs$GT$8delay_ns17hd8c4e13e30a91e1dE)
    325c     325c        0     1                 $t
    325d     325d       26     1                 _$LT$aspeed_ddk..common..DummyDelay$u20$as$u20$embedded_hal..delay..DelayNs$GT$::delay_ns::hd8c4e13e30a91e1d
    3282     3282      19c     2         /home/ferrite/rusty1968/initiative/aspeed-rust/target/thumbv7em-none-eabihf/release/deps/libaspeed_ddk-ba190f65fcc992d2.rlib(aspeed_ddk-ba190f65fcc992d2.aspeed_ddk.609ead220c3d04df-cgu.07.rcgu.o):(.text._ZN156_$LT$aspeed_ddk..hash_owned..OwnedDigestContext$LT$openprot_hal_blocking..digest..Sha2_256$GT$$u20$as$u20$openprot_hal_blocking..digest..owned..DigestOp$GT$6update17hd6f5b18a9141c561E)
    3282     3282        0     1                 $t
    3283     3283      19c     1                 _$LT$aspeed_ddk..hash_owned..OwnedDigestContext$LT$openprot_hal_blocking..digest..Sha2_256$GT$$u20$as$u20$openprot_hal_blocking..digest..owned..DigestOp$GT$::update::hd6f5b18a9141c561
    341e     341e      19e     2         /home/ferrite/rusty1968/initiative/aspeed-rust/target/thumbv7em-none-eabihf/release/deps/libaspeed_ddk-ba190f65fcc992d2.rlib(aspeed_ddk-ba190f65fcc992d2.aspeed_ddk.609ead220c3d04df-cgu.07.rcgu.o):(.text._ZN156_$LT$aspeed_ddk..hash_owned..OwnedDigestContext$LT$openprot_hal_blocking..digest..Sha2_256$GT$$u20$as$u20$openprot_hal_blocking..digest..owned..DigestOp$GT$8finalize17h6f90dfaa67cf2087E)
    341e     341e        0     1                 $t
    341f     341f      19e     1                 _$LT$aspeed_ddk..hash_owned..OwnedDigestContext$LT$openprot_hal_blocking..digest..Sha2_256$GT$$u20$as$u20$openprot_hal_blocking..digest..owned..DigestOp$GT$::finalize::h6f90dfaa67cf2087
    35bc     35bc       32     2         /home/ferrite/rusty1968/initiative/aspeed-rust/target/thumbv7em-none-eabihf/release/deps/libaspeed_ddk-ba190f65fcc992d2.rlib(aspeed_ddk-ba190f65fcc992d2.aspeed_ddk.609ead220c3d04df-cgu.07.rcgu.o):(.text._ZN156_$LT$aspeed_ddk..hash_owned..OwnedDigestContext$LT$openprot_hal_blocking..digest..Sha2_256$GT$$u20$as$u20$openprot_hal_blocking..digest..owned..DigestOp$GT$6cancel17h7eb245f5f0ecc12bE)
    35bc     35bc        0     1                 $t
    35bd     35bd       32     1                 _$LT$aspeed_ddk..hash_owned..OwnedDigestContext$LT$openprot_hal_blocking..digest..Sha2_256$GT$$u20$as$u20$openprot_hal_blocking..digest..owned..DigestOp$GT$::cancel::h7eb245f5f0ecc12b
    35bd     35bd       32     1                 _$LT$aspeed_ddk..hash_owned..OwnedDigestContext$LT$openprot_hal_blocking..digest..Sha2_384$GT$$u20$as$u20$openprot_hal_blocking..digest..owned..DigestOp$GT$::cancel::h2e2dd0e6930b0f67
    35bd     35bd       32     1                 _$LT$aspeed_ddk..hash_owned..OwnedDigestContext$LT$openprot_hal_blocking..digest..Sha2_512$GT$$u20$as$u20$openprot_hal_blocking..digest..owned..DigestOp$GT$::cancel::h4a5f85286577f9b2
    35ee     35ee      19c     2         /home/ferrite/rusty1968/initiative/aspeed-rust/target/thumbv7em-none-eabihf/release/deps/libaspeed_ddk-ba190f65fcc992d2.rlib(aspeed_ddk-ba190f65fcc992d2.aspeed_ddk.609ead220c3d04df-cgu.07.rcgu.o):(.text._ZN156_$LT$aspeed_ddk..hash_owned..OwnedDigestContext$LT$openprot_hal_blocking..digest..Sha2_384$GT$$u20$as$u20$openprot_hal_blocking..digest..owned..DigestOp$GT$6update17hf43d29ee98b071dbE)
    35ee     35ee        0     1                 $t
    35ef     35ef      19c     1                 _$LT$aspeed_ddk..hash_owned..OwnedDigestContext$LT$openprot_hal_blocking..digest..Sha2_384$GT$$u20$as$u20$openprot_hal_blocking..digest..owned..DigestOp$GT$::update::hf43d29ee98b071db
    378a     378a      1a2     2         /home/ferrite/rusty1968/initiative/aspeed-rust/target/thumbv7em-none-eabihf/release/deps/libaspeed_ddk-ba190f65fcc992d2.rlib(aspeed_ddk-ba190f65fcc992d2.aspeed_ddk.609ead220c3d04df-cgu.07.rcgu.o):(.text._ZN156_$LT$aspeed_ddk..hash_owned..OwnedDigestContext$LT$openprot_hal_blocking..digest..Sha2_384$GT$$u20$as$u20$openprot_hal_blocking..digest..owned..DigestOp$GT$8finalize17h2cda83421bf3c537E)
    378a     378a        0     1                 $t
    378b     378b      1a2     1                 _$LT$aspeed_ddk..hash_owned..OwnedDigestContext$LT$openprot_hal_blocking..digest..Sha2_384$GT$$u20$as$u20$openprot_hal_blocking..digest..owned..DigestOp$GT$::finalize::h2cda83421bf3c537
    392c     392c      19c     2         /home/ferrite/rusty1968/initiative/aspeed-rust/target/thumbv7em-none-eabihf/release/deps/libaspeed_ddk-ba190f65fcc992d2.rlib(aspeed_ddk-ba190f65fcc992d2.aspeed_ddk.609ead220c3d04df-cgu.07.rcgu.o):(.text._ZN156_$LT$aspeed_ddk..hash_owned..OwnedDigestContext$LT$openprot_hal_blocking..digest..Sha2_512$GT$$u20$as$u20$openprot_hal_blocking..digest..owned..DigestOp$GT$6update17h9c3224288e458456E)
    392c     392c        0     1                 $t
    392d     392d      19c     1                 _$LT$aspeed_ddk..hash_owned..OwnedDigestContext$LT$openprot_hal_blocking..digest..Sha2_512$GT$$u20$as$u20$openprot_hal_blocking..digest..owned..DigestOp$GT$::update::h9c3224288e458456
    3ac8     3ac8      1a8     2         /home/ferrite/rusty1968/initiative/aspeed-rust/target/thumbv7em-none-eabihf/release/deps/libaspeed_ddk-ba190f65fcc992d2.rlib(aspeed_ddk-ba190f65fcc992d2.aspeed_ddk.609ead220c3d04df-cgu.07.rcgu.o):(.text._ZN156_$LT$aspeed_ddk..hash_owned..OwnedDigestContext$LT$openprot_hal_blocking..digest..Sha2_512$GT$$u20$as$u20$openprot_hal_blocking..digest..owned..DigestOp$GT$8finalize17h7b3ccea47764599dE)
    3ac8     3ac8        0     1                 $t
    3ac9     3ac9      1a8     1                 _$LT$aspeed_ddk..hash_owned..OwnedDigestContext$LT$openprot_hal_blocking..digest..Sha2_512$GT$$u20$as$u20$openprot_hal_blocking..digest..owned..DigestOp$GT$::finalize::h7b3ccea47764599d
    3c70     3c70      14a     2         /home/ferrite/rusty1968/initiative/aspeed-rust/target/thumbv7em-none-eabihf/release/deps/libaspeed_ddk-ba190f65fcc992d2.rlib(aspeed_ddk-ba190f65fcc992d2.aspeed_ddk.609ead220c3d04df-cgu.08.rcgu.o):(.text._ZN10aspeed_ddk15hace_controller14HaceController12fill_padding17he494239be9d4ac90E)
    3c70     3c70        0     1                 $t
    3c71     3c71      14a     1                 aspeed_ddk::hace_controller::HaceController::fill_padding::he494239be9d4ac90
    3dba     3dba       4a     2         /home/ferrite/rusty1968/initiative/aspeed-rust/target/thumbv7em-none-eabihf/release/deps/libaspeed_ddk-ba190f65fcc992d2.rlib(aspeed_ddk-ba190f65fcc992d2.aspeed_ddk.609ead220c3d04df-cgu.08.rcgu.o):(.text._ZN10aspeed_ddk10hash_owned169_$LT$impl$u20$openprot_hal_blocking..digest..owned..DigestInit$LT$openprot_hal_blocking..digest..Sha2_256$GT$$u20$for$u20$aspeed_ddk..hace_controller..HaceController$GT$4init17hcdbf221fe2509663E)
    3dba     3dba        0     1                 $t
    3dbb     3dbb       4a     1                 aspeed_ddk::hash_owned::_$LT$impl$u20$openprot_hal_blocking..digest..owned..DigestInit$LT$openprot_hal_blocking..digest..Sha2_256$GT$$u20$for$u20$aspeed_ddk..hace_controller..HaceController$GT$::init::hcdbf221fe2509663
    3e04     3e04       58     2         /home/ferrite/rusty1968/initiative/aspeed-rust/target/thumbv7em-none-eabihf/release/deps/libaspeed_ddk-ba190f65fcc992d2.rlib(aspeed_ddk-ba190f65fcc992d2.aspeed_ddk.609ead220c3d04df-cgu.08.rcgu.o):(.text._ZN10aspeed_ddk10hash_owned169_$LT$impl$u20$openprot_hal_blocking..digest..owned..DigestInit$LT$openprot_hal_blocking..digest..Sha2_384$GT$$u20$for$u20$aspeed_ddk..hace_controller..HaceController$GT$4init17h5accfd6e723c54f6E)
    3e04     3e04        0     1                 $t
    3e05     3e05       58     1                 aspeed_ddk::hash_owned::_$LT$impl$u20$openprot_hal_blocking..digest..owned..DigestInit$LT$openprot_hal_blocking..digest..Sha2_384$GT$$u20$for$u20$aspeed_ddk..hace_controller..HaceController$GT$::init::h5accfd6e723c54f6
    3e5c     3e5c       58     2         /home/ferrite/rusty1968/initiative/aspeed-rust/target/thumbv7em-none-eabihf/release/deps/libaspeed_ddk-ba190f65fcc992d2.rlib(aspeed_ddk-ba190f65fcc992d2.aspeed_ddk.609ead220c3d04df-cgu.08.rcgu.o):(.text._ZN10aspeed_ddk10hash_owned169_$LT$impl$u20$openprot_hal_blocking..digest..owned..DigestInit$LT$openprot_hal_blocking..digest..Sha2_512$GT$$u20$for$u20$aspeed_ddk..hace_controller..HaceController$GT$4init17hb711cfa9b4de0b17E)
    3e5c     3e5c        0     1                 $t
    3e5d     3e5d       58     1                 aspeed_ddk::hash_owned::_$LT$impl$u20$openprot_hal_blocking..digest..owned..DigestInit$LT$openprot_hal_blocking..digest..Sha2_512$GT$$u20$for$u20$aspeed_ddk..hace_controller..HaceController$GT$::init::hb711cfa9b4de0b17
    3eb4     3eb4      b08     2         /home/ferrite/rusty1968/initiative/aspeed-rust/target/thumbv7em-none-eabihf/release/deps/libaspeed_ddk-ba190f65fcc992d2.rlib(aspeed_ddk-ba190f65fcc992d2.aspeed_ddk.609ead220c3d04df-cgu.09.rcgu.o):(.text._ZN10aspeed_ddk5tests10functional9gpio_test10test_gpioa17h24b5990036e0fa40E)
    3eb4     3eb4        0     1                 $t
    3eb5     3eb5      b08     1                 aspeed_ddk::tests::functional::gpio_test::test_gpioa::h24b5990036e0fa40
    49bc     49bc       40     2         /home/ferrite/rusty1968/initiative/aspeed-rust/target/thumbv7em-none-eabihf/release/deps/libaspeed_ddk-ba190f65fcc992d2.rlib(aspeed_ddk-ba190f65fcc992d2.aspeed_ddk.609ead220c3d04df-cgu.10.rcgu.o):(.text._ZN72_$LT$embedded_io..WriteFmtError$LT$E$GT$$u20$as$u20$core..fmt..Debug$GT$3fmt17h1cae2e4098fd9c7aE)
    49bc     49bc        0     1                 $t
    49bd     49bd       40     1                 _$LT$embedded_io..WriteFmtError$LT$E$GT$$u20$as$u20$core..fmt..Debug$GT$::fmt::h1cae2e4098fd9c7a
    49fc     49fc      1c0     2         /home/ferrite/rusty1968/initiative/aspeed-rust/target/thumbv7em-none-eabihf/release/deps/libaspeed_ddk-ba190f65fcc992d2.rlib(aspeed_ddk-ba190f65fcc992d2.aspeed_ddk.609ead220c3d04df-cgu.10.rcgu.o):(.text._ZN10aspeed_ddk5tests10functional9hmac_test15print_hex_array17hf4a867fdccaebd70E)
    49fc     49fc        0     1                 $t
    49fd     49fd      1c0     1                 aspeed_ddk::tests::functional::hmac_test::print_hex_array::hf4a867fdccaebd70
    4bbc     4bbc      2a6     2         /home/ferrite/rusty1968/initiative/aspeed-rust/target/thumbv7em-none-eabihf/release/deps/libaspeed_ddk-ba190f65fcc992d2.rlib(aspeed_ddk-ba190f65fcc992d2.aspeed_ddk.609ead220c3d04df-cgu.10.rcgu.o):(.text._ZN10aspeed_ddk5tests10functional9hmac_test11print_input17hc1f4ed60d05568f0E)
    4bbc     4bbc        0     1                 $t
    4bbd     4bbd      2a6     1                 aspeed_ddk::tests::functional::hmac_test::print_input::hc1f4ed60d05568f0
    4e64     4e64      eea     4         /home/ferrite/rusty1968/initiative/aspeed-rust/target/thumbv7em-none-eabihf/release/deps/libaspeed_ddk-ba190f65fcc992d2.rlib(aspeed_ddk-ba190f65fcc992d2.aspeed_ddk.609ead220c3d04df-cgu.10.rcgu.o):(.text._ZN10aspeed_ddk5tests10functional9hmac_test14run_hmac_tests17hb8b2c9c7f08bf956E)
    4e64     4e64        0     1                 $t
    4e65     4e65      eea     1                 aspeed_ddk::tests::functional::hmac_test::run_hmac_tests::hb8b2c9c7f08bf956
    513e     513e        0     1                 $d
    514c     514c        0     1                 $t
    55a8     55a8        0     1                 $d
    55b6     55b6        0     1                 $t
    5a30     5a30        0     1                 $d
    5a38     5a38        0     1                 $t
    5d4e     5d4e       2a     2         /home/ferrite/rusty1968/initiative/aspeed-rust/target/thumbv7em-none-eabihf/release/deps/libaspeed_ddk-ba190f65fcc992d2.rlib(aspeed_ddk-ba190f65fcc992d2.aspeed_ddk.609ead220c3d04df-cgu.10.rcgu.o):(.text._ZN63_$LT$aspeed_ddk..hmac..MacError$u20$as$u20$core..fmt..Debug$GT$3fmt17hbb3274309eb41f5cE)
    5d4e     5d4e        0     1                 $t
    5d4f     5d4f       2a     1                 _$LT$aspeed_ddk..hmac..MacError$u20$as$u20$core..fmt..Debug$GT$::fmt::hbb3274309eb41f5c
    5d78     5d78       24     2         /home/ferrite/rusty1968/initiative/aspeed-rust/target/thumbv7em-none-eabihf/release/deps/libaspeed_ddk-ba190f65fcc992d2.rlib(aspeed_ddk-ba190f65fcc992d2.aspeed_ddk.609ead220c3d04df-cgu.11.rcgu.o):(.text._ZN42_$LT$$RF$T$u20$as$u20$core..fmt..Debug$GT$3fmt17h22e0fd88f8c0a731E)
    5d78     5d78        0     1                 $t
    5d79     5d79       24     1                 _$LT$$RF$T$u20$as$u20$core..fmt..Debug$GT$::fmt::h22e0fd88f8c0a731
    5d9c     5d9c       24     2         /home/ferrite/rusty1968/initiative/aspeed-rust/target/thumbv7em-none-eabihf/release/deps/libaspeed_ddk-ba190f65fcc992d2.rlib(aspeed_ddk-ba190f65fcc992d2.aspeed_ddk.609ead220c3d04df-cgu.12.rcgu.o):(.text._ZN42_$LT$$RF$T$u20$as$u20$core..fmt..Debug$GT$3fmt17h7b7f83ef61c6a257E)
    5d9c     5d9c        0     1                 $t
    5d9d     5d9d       24     1                 _$LT$$RF$T$u20$as$u20$core..fmt..Debug$GT$::fmt::h7b7f83ef61c6a257
    5dc0     5dc0       c0     2         /home/ferrite/rusty1968/initiative/aspeed-rust/target/thumbv7em-none-eabihf/release/deps/libaspeed_ddk-ba190f65fcc992d2.rlib(aspeed_ddk-ba190f65fcc992d2.aspeed_ddk.609ead220c3d04df-cgu.12.rcgu.o):(.text._ZN4core3fmt5Write10write_char17hb34c9766ebc272b4E)
    5dc0     5dc0        0     1                 $t
    5dc1     5dc1       c0     1                 core::fmt::Write::write_char::hb34c9766ebc272b4
    5e80     5e80        e     2         /home/ferrite/rusty1968/initiative/aspeed-rust/target/thumbv7em-none-eabihf/release/deps/libaspeed_ddk-ba190f65fcc992d2.rlib(aspeed_ddk-ba190f65fcc992d2.aspeed_ddk.609ead220c3d04df-cgu.12.rcgu.o):(.text._ZN4core3fmt5Write9write_fmt17h49255eddb3d3d970E)
    5e80     5e80        0     1                 $t
    5e81     5e81        e     1                 core::fmt::Write::write_fmt::h49255eddb3d3d970
    5e8e     5e8e       3c     2         /home/ferrite/rusty1968/initiative/aspeed-rust/target/thumbv7em-none-eabihf/release/deps/libaspeed_ddk-ba190f65fcc992d2.rlib(aspeed_ddk-ba190f65fcc992d2.aspeed_ddk.609ead220c3d04df-cgu.12.rcgu.o):(.text._ZN84_$LT$embedded_io..Write..write_fmt..Adapter$LT$T$GT$$u20$as$u20$core..fmt..Write$GT$9write_str17h0af3aa3ecd60f080E)
    5e8e     5e8e        0     1                 $t
    5e8f     5e8f       3c     1                 _$LT$embedded_io..Write..write_fmt..Adapter$LT$T$GT$$u20$as$u20$core..fmt..Write$GT$::write_str::h0af3aa3ecd60f080
    5eca     5eca      17a     2         /home/ferrite/rusty1968/initiative/aspeed-rust/target/thumbv7em-none-eabihf/release/deps/libaspeed_ddk-ba190f65fcc992d2.rlib(aspeed_ddk-ba190f65fcc992d2.aspeed_ddk.609ead220c3d04df-cgu.12.rcgu.o):(.text._ZN94_$LT$aspeed_ddk..hash..OpContextImpl$LT$A$GT$$u20$as$u20$proposed_traits..digest..DigestOp$GT$6update17h1e973a8dd18b46d8E)
    5eca     5eca        0     1                 $t
    5ecb     5ecb      17a     1                 _$LT$aspeed_ddk..hash..OpContextImpl$LT$A$GT$$u20$as$u20$proposed_traits..digest..DigestOp$GT$::update::h1e973a8dd18b46d8
    5ecb     5ecb      17a     1                 _$LT$aspeed_ddk..hash..OpContextImpl$LT$A$GT$$u20$as$u20$proposed_traits..digest..DigestOp$GT$::update::h56d0bc003ac699e2
    5ecb     5ecb      17a     1                 _$LT$aspeed_ddk..hash..OpContextImpl$LT$A$GT$$u20$as$u20$proposed_traits..digest..DigestOp$GT$::update::ha56c67e953dc6579
    6044     6044       ea     4         /home/ferrite/rusty1968/initiative/aspeed-rust/target/thumbv7em-none-eabihf/release/deps/libaspeed_ddk-ba190f65fcc992d2.rlib(aspeed_ddk-ba190f65fcc992d2.aspeed_ddk.609ead220c3d04df-cgu.12.rcgu.o):(.text._ZN94_$LT$aspeed_ddk..hash..OpContextImpl$LT$A$GT$$u20$as$u20$proposed_traits..digest..DigestOp$GT$8finalize17h09234412d6662549E)
    6044     6044        0     1                 $t
    6045     6045       ea     1                 _$LT$aspeed_ddk..hash..OpContextImpl$LT$A$GT$$u20$as$u20$proposed_traits..digest..DigestOp$GT$::finalize::h09234412d6662549
    6068     6068        0     1                 $d
    6070     6070        0     1                 $t
    6130     6130       f6     4         /home/ferrite/rusty1968/initiative/aspeed-rust/target/thumbv7em-none-eabihf/release/deps/libaspeed_ddk-ba190f65fcc992d2.rlib(aspeed_ddk-ba190f65fcc992d2.aspeed_ddk.609ead220c3d04df-cgu.12.rcgu.o):(.text._ZN94_$LT$aspeed_ddk..hash..OpContextImpl$LT$A$GT$$u20$as$u20$proposed_traits..digest..DigestOp$GT$8finalize17h849276353f9df4c9E)
    6130     6130        0     1                 $t
    6131     6131       f6     1                 _$LT$aspeed_ddk..hash..OpContextImpl$LT$A$GT$$u20$as$u20$proposed_traits..digest..DigestOp$GT$::finalize::h849276353f9df4c9
    6154     6154        0     1                 $d
    615c     615c        0     1                 $t
    6226     6226       24     2         /home/ferrite/rusty1968/initiative/aspeed-rust/target/thumbv7em-none-eabihf/release/deps/libaspeed_ddk-ba190f65fcc992d2.rlib(aspeed_ddk-ba190f65fcc992d2.aspeed_ddk.609ead220c3d04df-cgu.14.rcgu.o):(.text._ZN42_$LT$$RF$T$u20$as$u20$core..fmt..Debug$GT$3fmt17h1c044e7ec9425de6E)
    6226     6226        0     1                 $t
    6227     6227       24     1                 _$LT$$RF$T$u20$as$u20$core..fmt..Debug$GT$::fmt::h1c044e7ec9425de6
    624a     624a       40     2         /home/ferrite/rusty1968/initiative/aspeed-rust/target/thumbv7em-none-eabihf/release/deps/libaspeed_ddk-ba190f65fcc992d2.rlib(aspeed_ddk-ba190f65fcc992d2.aspeed_ddk.609ead220c3d04df-cgu.14.rcgu.o):(.text._ZN72_$LT$embedded_io..WriteFmtError$LT$E$GT$$u20$as$u20$core..fmt..Debug$GT$3fmt17h1cae2e4098fd9c7aE)
    624a     624a        0     1                 $t
    624b     624b       40     1                 _$LT$embedded_io..WriteFmtError$LT$E$GT$$u20$as$u20$core..fmt..Debug$GT$::fmt::h1cae2e4098fd9c7a
    628a     628a      1c0     2         /home/ferrite/rusty1968/initiative/aspeed-rust/target/thumbv7em-none-eabihf/release/deps/libaspeed_ddk-ba190f65fcc992d2.rlib(aspeed_ddk-ba190f65fcc992d2.aspeed_ddk.609ead220c3d04df-cgu.14.rcgu.o):(.text._ZN10aspeed_ddk5tests10functional9hash_test15print_hex_array17h37db67cdda84a55dE)
    628a     628a        0     1                 $t
    628b     628b      1c0     1                 aspeed_ddk::tests::functional::hash_test::print_hex_array::h37db67cdda84a55d
    644a     644a      2a6     2         /home/ferrite/rusty1968/initiative/aspeed-rust/target/thumbv7em-none-eabihf/release/deps/libaspeed_ddk-ba190f65fcc992d2.rlib(aspeed_ddk-ba190f65fcc992d2.aspeed_ddk.609ead220c3d04df-cgu.14.rcgu.o):(.text._ZN10aspeed_ddk5tests10functional9hash_test11print_input17h31a5d0cd6523915bE)
    644a     644a        0     1                 $t
    644b     644b      2a6     1                 aspeed_ddk::tests::functional::hash_test::print_input::h31a5d0cd6523915b
    66f0     66f0      7d6     4         /home/ferrite/rusty1968/initiative/aspeed-rust/target/thumbv7em-none-eabihf/release/deps/libaspeed_ddk-ba190f65fcc992d2.rlib(aspeed_ddk-ba190f65fcc992d2.aspeed_ddk.609ead220c3d04df-cgu.14.rcgu.o):(.text._ZN10aspeed_ddk5tests10functional9hash_test14run_hash_tests17h46e4d575cd6a7ba8E)
    66f0     66f0        0     1                 $t
    66f1     66f1      7d6     1                 aspeed_ddk::tests::functional::hash_test::run_hash_tests::h46e4d575cd6a7ba8
    6baa     6baa        0     1                 $d
    6bb2     6bb2        0     1                 $t
    6ec6     6ec6       2a     2         /home/ferrite/rusty1968/initiative/aspeed-rust/target/thumbv7em-none-eabihf/release/deps/libaspeed_ddk-ba190f65fcc992d2.rlib(aspeed_ddk-ba190f65fcc992d2.aspeed_ddk.609ead220c3d04df-cgu.14.rcgu.o):(.text._ZN64_$LT$aspeed_ddk..hash..HashError$u20$as$u20$core..fmt..Debug$GT$3fmt17h01263013f0de31a4E)
    6ec6     6ec6        0     1                 $t
    6ec7     6ec7       2a     1                 _$LT$aspeed_ddk..hash..HashError$u20$as$u20$core..fmt..Debug$GT$::fmt::h01263013f0de31a4
    6ef0     6ef0       42     2         /home/ferrite/rusty1968/initiative/aspeed-rust/target/thumbv7em-none-eabihf/release/deps/libaspeed_ddk-ba190f65fcc992d2.rlib(aspeed_ddk-ba190f65fcc992d2.aspeed_ddk.609ead220c3d04df-cgu.15.rcgu.o):(.text._ZN12embedded_hal5delay7DelayNs8delay_ms17ha5730bcdd7d18659E)
    6ef0     6ef0        0     1                 $t
    6ef1     6ef1       42     1                 embedded_hal::delay::DelayNs::delay_ms::ha5730bcdd7d18659
    6f32     6f32       46     2         /home/ferrite/rusty1968/initiative/aspeed-rust/target/thumbv7em-none-eabihf/release/deps/libaspeed_ddk-ba190f65fcc992d2.rlib(aspeed_ddk-ba190f65fcc992d2.aspeed_ddk.609ead220c3d04df-cgu.15.rcgu.o):(.text._ZN42_$LT$$RF$T$u20$as$u20$core..fmt..Debug$GT$3fmt17h4832b3bfdf43c677E)
    6f32     6f32        0     1                 $t
    6f33     6f33       46     1                 _$LT$$RF$T$u20$as$u20$core..fmt..Debug$GT$::fmt::h4832b3bfdf43c677
    6f33     6f33       46     1                 _$LT$$RF$mut$u20$T$u20$as$u20$core..fmt..Debug$GT$::fmt::h360952f5cbacd127
    6f78     6f78       18     2         /home/ferrite/rusty1968/initiative/aspeed-rust/target/thumbv7em-none-eabihf/release/deps/libaspeed_ddk-ba190f65fcc992d2.rlib(aspeed_ddk-ba190f65fcc992d2.aspeed_ddk.609ead220c3d04df-cgu.15.rcgu.o):(.text._ZN42_$LT$$RF$T$u20$as$u20$core..fmt..Debug$GT$3fmt17h6846afb986bc836cE)
    6f78     6f78        0     1                 $t
    6f79     6f79       18     1                 _$LT$$RF$T$u20$as$u20$core..fmt..Debug$GT$::fmt::h6846afb986bc836c
    6f90     6f90       10     2         /home/ferrite/rusty1968/initiative/aspeed-rust/target/thumbv7em-none-eabihf/release/deps/libaspeed_ddk-ba190f65fcc992d2.rlib(aspeed_ddk-ba190f65fcc992d2.aspeed_ddk.609ead220c3d04df-cgu.15.rcgu.o):(.text._ZN42_$LT$$RF$T$u20$as$u20$core..fmt..Debug$GT$3fmt17h887fa37cd21c2c9aE)
    6f90     6f90        0     1                 $t
    6f91     6f91       10     1                 _$LT$$RF$T$u20$as$u20$core..fmt..Debug$GT$::fmt::h887fa37cd21c2c9a
    6fa0     6fa0        a     2         /home/ferrite/rusty1968/initiative/aspeed-rust/target/thumbv7em-none-eabihf/release/deps/libaspeed_ddk-ba190f65fcc992d2.rlib(aspeed_ddk-ba190f65fcc992d2.aspeed_ddk.609ead220c3d04df-cgu.15.rcgu.o):(.text._ZN44_$LT$$RF$T$u20$as$u20$core..fmt..Display$GT$3fmt17hf46f6344943bddacE)
    6fa0     6fa0        0     1                 $t
    6fa1     6fa1        a     1                 _$LT$$RF$T$u20$as$u20$core..fmt..Display$GT$::fmt::hf46f6344943bddac
    6faa     6faa       10     2         /home/ferrite/rusty1968/initiative/aspeed-rust/target/thumbv7em-none-eabihf/release/deps/libaspeed_ddk-ba190f65fcc992d2.rlib(aspeed_ddk-ba190f65fcc992d2.aspeed_ddk.609ead220c3d04df-cgu.15.rcgu.o):(.text._ZN45_$LT$$LP$$RP$$u20$as$u20$core..fmt..Debug$GT$3fmt17ha7d03d34adaf1d5eE)
    6faa     6faa        0     1                 $t
    6fab     6fab       10     1                 _$LT$$LP$$RP$$u20$as$u20$core..fmt..Debug$GT$::fmt::ha7d03d34adaf1d5e
    6fba     6fba        6     2         /home/ferrite/rusty1968/initiative/aspeed-rust/target/thumbv7em-none-eabihf/release/deps/libaspeed_ddk-ba190f65fcc992d2.rlib(aspeed_ddk-ba190f65fcc992d2.aspeed_ddk.609ead220c3d04df-cgu.15.rcgu.o):(.text._ZN45_$LT$$RF$T$u20$as$u20$core..fmt..LowerHex$GT$3fmt17h334872d693fd6f9eE)
    6fba     6fba        0     1                 $t
    6fbb     6fbb        6     1                 _$LT$$RF$T$u20$as$u20$core..fmt..LowerHex$GT$::fmt::h334872d693fd6f9e
    6fc0     6fc0        6     2         /home/ferrite/rusty1968/initiative/aspeed-rust/target/thumbv7em-none-eabihf/release/deps/libaspeed_ddk-ba190f65fcc992d2.rlib(aspeed_ddk-ba190f65fcc992d2.aspeed_ddk.609ead220c3d04df-cgu.15.rcgu.o):(.text._ZN52_$LT$$BP$mut$u20$T$u20$as$u20$core..fmt..Pointer$GT$3fmt17h19976e72a8ec9977E)
    6fc0     6fc0        0     1                 $t
    6fc1     6fc1        6     1                 _$LT$$BP$mut$u20$T$u20$as$u20$core..fmt..Pointer$GT$::fmt::h19976e72a8ec9977
    6fc1     6fc1        6     1                 _$LT$$BP$const$u20$T$u20$as$u20$core..fmt..Pointer$GT$::fmt::h76603ccff1d21f10
    6fc6     6fc6       40     2         /home/ferrite/rusty1968/initiative/aspeed-rust/target/thumbv7em-none-eabihf/release/deps/libaspeed_ddk-ba190f65fcc992d2.rlib(aspeed_ddk-ba190f65fcc992d2.aspeed_ddk.609ead220c3d04df-cgu.15.rcgu.o):(.text._ZN72_$LT$embedded_io..WriteFmtError$LT$E$GT$$u20$as$u20$core..fmt..Debug$GT$3fmt17h1cae2e4098fd9c7aE)
    6fc6     6fc6        0     1                 $t
    6fc7     6fc7       40     1                 _$LT$embedded_io..WriteFmtError$LT$E$GT$$u20$as$u20$core..fmt..Debug$GT$::fmt::h1cae2e4098fd9c7a
    7008     7008      20a     4         /home/ferrite/rusty1968/initiative/aspeed-rust/target/thumbv7em-none-eabihf/release/deps/libaspeed_ddk-ba190f65fcc992d2.rlib(aspeed_ddk-ba190f65fcc992d2.aspeed_ddk.609ead220c3d04df-cgu.15.rcgu.o):(.text._ZN88_$LT$aspeed_ddk..hmac..OpContextImpl$LT$A$GT$$u20$as$u20$proposed_traits..mac..MacOp$GT$6update17h73f3bf7feb1cfcf6E)
    7008     7008        0     1                 $t
    7009     7009      20a     1                 _$LT$aspeed_ddk..hmac..OpContextImpl$LT$A$GT$$u20$as$u20$proposed_traits..mac..MacOp$GT$::update::h73f3bf7feb1cfcf6
    7009     7009      20a     1                 _$LT$aspeed_ddk..hmac..OpContextImpl$LT$A$GT$$u20$as$u20$proposed_traits..mac..MacOp$GT$::update::hc6e91762eaa6b872
    7009     7009      20a     1                 _$LT$aspeed_ddk..hmac..OpContextImpl$LT$A$GT$$u20$as$u20$proposed_traits..mac..MacOp$GT$::update::he508ef4a1a1acfaa
    7036     7036        0     1                 $d
    703e     703e        0     1                 $t
    7212     7212      3c4     2         /home/ferrite/rusty1968/initiative/aspeed-rust/target/thumbv7em-none-eabihf/release/deps/libaspeed_ddk-ba190f65fcc992d2.rlib(aspeed_ddk-ba190f65fcc992d2.aspeed_ddk.609ead220c3d04df-cgu.15.rcgu.o):(.text._ZN10aspeed_ddk5tests10functional8i2c_test15test_i2c_master17h498ff27df0d1bf98E)
    7212     7212        0     1                 $t
    7213     7213      3c4     1                 aspeed_ddk::tests::functional::i2c_test::test_i2c_master::h498ff27df0d1bf98
    75d6     75d6      1d8     2         /home/ferrite/rusty1968/initiative/aspeed-rust/target/thumbv7em-none-eabihf/release/deps/libaspeed_ddk-ba190f65fcc992d2.rlib(aspeed_ddk-ba190f65fcc992d2.aspeed_ddk.609ead220c3d04df-cgu.15.rcgu.o):(.text.timer)
    75d6     75d6        0     1                 $t
    75d7     75d7      1d8     1                 timer
    77ae     77ae      23a     2         /home/ferrite/rusty1968/initiative/aspeed-rust/target/thumbv7em-none-eabihf/release/deps/libaspeed_ddk-ba190f65fcc992d2.rlib(aspeed_ddk-ba190f65fcc992d2.aspeed_ddk.609ead220c3d04df-cgu.15.rcgu.o):(.text._ZN10aspeed_ddk5tests10functional10timer_test14timer_callback17hdf4109b093262192E)
    77ae     77ae        0     1                 $t
    77af     77af      23a     1                 aspeed_ddk::tests::functional::timer_test::timer_callback::hdf4109b093262192
    79e8     79e8       be     2         /home/ferrite/rusty1968/initiative/aspeed-rust/target/thumbv7em-none-eabihf/release/deps/libaspeed_ddk-ba190f65fcc992d2.rlib(aspeed_ddk-ba190f65fcc992d2.aspeed_ddk.609ead220c3d04df-cgu.15.rcgu.o):(.text._ZN10aspeed_ddk5tests10functional10timer_test15run_timer_tests17h7580a982ca7bf770E)
    79e8     79e8        0     1                 $t
    79e9     79e9       be     1                 aspeed_ddk::tests::functional::timer_test::run_timer_tests::h7580a982ca7bf770
    7aa8     7aa8       d6     4         /home/ferrite/rusty1968/initiative/aspeed-rust/target/thumbv7em-none-eabihf/release/deps/libaspeed_ddk-ba190f65fcc992d2.rlib(aspeed_ddk-ba190f65fcc992d2.aspeed_ddk.609ead220c3d04df-cgu.15.rcgu.o):(.text._ZN72_$LT$aspeed_ddk..i2c..ast1060_i2c..Error$u20$as$u20$core..fmt..Debug$GT$3fmt17hb75062534e64bc71E)
    7aa8     7aa8        0     1                 $t
    7aa9     7aa9       d6     1                 _$LT$aspeed_ddk..i2c..ast1060_i2c..Error$u20$as$u20$core..fmt..Debug$GT$::fmt::hb75062534e64bc71
    7abc     7abc        0     1                 $d
    7ac6     7ac6        0     1                 $t
    7b7e     7b7e        2     2         /home/ferrite/rusty1968/initiative/aspeed-rust/target/thumbv7em-none-eabihf/release/deps/libaspeed_ddk-ba190f65fcc992d2.rlib(aspeed_ddk-ba190f65fcc992d2.aspeed_ddk.609ead220c3d04df-cgu.02.rcgu.o):(.text._ZN4core3ptr61drop_in_place$LT$heapless..string..String$LT$64_usize$GT$$GT$17h6baa6e2764467e0eE)
    7b7e     7b7e        0     1                 $t
    7b7f     7b7f        2     1                 core::ptr::drop_in_place$LT$heapless..string..String$LT$64_usize$GT$$GT$::h6baa6e2764467e0e
    7b80     7b80       10     2         /home/ferrite/rusty1968/initiative/aspeed-rust/target/thumbv7em-none-eabihf/release/deps/libaspeed_ddk-ba190f65fcc992d2.rlib(aspeed_ddk-ba190f65fcc992d2.aspeed_ddk.609ead220c3d04df-cgu.02.rcgu.o):(.text._ZN53_$LT$core..fmt..Error$u20$as$u20$core..fmt..Debug$GT$3fmt17h81452d555e445323E)
    7b80     7b80        0     1                 $t
    7b81     7b81       10     1                 _$LT$core..fmt..Error$u20$as$u20$core..fmt..Debug$GT$::fmt::h81452d555e445323
    7b90     7b90       2a     2         /home/ferrite/rusty1968/initiative/aspeed-rust/target/thumbv7em-none-eabihf/release/deps/libaspeed_ddk-ba190f65fcc992d2.rlib(aspeed_ddk-ba190f65fcc992d2.aspeed_ddk.609ead220c3d04df-cgu.02.rcgu.o):(.text._ZN70_$LT$core..num..error..TryFromIntError$u20$as$u20$core..fmt..Debug$GT$3fmt17h8c7e68eb481133a5E)
    7b90     7b90        0     1                 $t
    7b91     7b91       2a     1                 _$LT$core..num..error..TryFromIntError$u20$as$u20$core..fmt..Debug$GT$::fmt::h8c7e68eb481133a5
    7bba     7bba      63c     2         /home/ferrite/rusty1968/initiative/aspeed-rust/target/thumbv7em-none-eabihf/release/deps/libaspeed_ddk-ba190f65fcc992d2.rlib(aspeed_ddk-ba190f65fcc992d2.aspeed_ddk.609ead220c3d04df-cgu.02.rcgu.o):(.text._ZN133_$LT$aspeed_ddk..i2c..ast1060_i2c..Ast1060I2c$LT$I2C$C$I2CT$C$L$GT$$u20$as$u20$aspeed_ddk..i2c..i2c_controller..HardwareInterface$GT$4init17h8dbb313f5feba283E)
    7bba     7bba        0     1                 $t
    7bbb     7bbb      63c     1                 _$LT$aspeed_ddk..i2c..ast1060_i2c..Ast1060I2c$LT$I2C$C$I2CT$C$L$GT$$u20$as$u20$aspeed_ddk..i2c..i2c_controller..HardwareInterface$GT$::init::h8dbb313f5feba283
    81f6     81f6      302     2         /home/ferrite/rusty1968/initiative/aspeed-rust/target/thumbv7em-none-eabihf/release/deps/libaspeed_ddk-ba190f65fcc992d2.rlib(aspeed_ddk-ba190f65fcc992d2.aspeed_ddk.609ead220c3d04df-cgu.02.rcgu.o):(.text._ZN133_$LT$aspeed_ddk..i2c..ast1060_i2c..Ast1060I2c$LT$I2C$C$I2CT$C$L$GT$$u20$as$u20$aspeed_ddk..i2c..i2c_controller..HardwareInterface$GT$4read17h04090a5bed9d2a8fE)
    81f6     81f6        0     1                 $t
    81f7     81f7      302     1                 _$LT$aspeed_ddk..i2c..ast1060_i2c..Ast1060I2c$LT$I2C$C$I2CT$C$L$GT$$u20$as$u20$aspeed_ddk..i2c..i2c_controller..HardwareInterface$GT$::read::h04090a5bed9d2a8f
    84f8     84f8      cf4     2         /home/ferrite/rusty1968/initiative/aspeed-rust/target/thumbv7em-none-eabihf/release/deps/libaspeed_ddk-ba190f65fcc992d2.rlib(aspeed_ddk-ba190f65fcc992d2.aspeed_ddk.609ead220c3d04df-cgu.02.rcgu.o):(.text._ZN10aspeed_ddk3i2c11ast1060_i2c32Ast1060I2c$LT$I2C$C$I2CT$C$L$GT$19i2c_wait_completion17h3e502b7f4c648ffcE.llvm.6178568609491323605)
    84f8     84f8        0     1                 $t
    84f9     84f9      cf4     1                 aspeed_ddk::i2c::ast1060_i2c::Ast1060I2c$LT$I2C$C$I2CT$C$L$GT$::i2c_wait_completion::h3e502b7f4c648ffc (.llvm.6178568609491323605)
    91ec     91ec      47e     2         /home/ferrite/rusty1968/initiative/aspeed-rust/target/thumbv7em-none-eabihf/release/deps/libaspeed_ddk-ba190f65fcc992d2.rlib(aspeed_ddk-ba190f65fcc992d2.aspeed_ddk.609ead220c3d04df-cgu.02.rcgu.o):(.text._ZN10aspeed_ddk3i2c11ast1060_i2c32Ast1060I2c$LT$I2C$C$I2CT$C$L$GT$15aspeed_i2c_read17h15c06a7fd7810c18E.llvm.6178568609491323605)
    91ec     91ec        0     1                 $t
    91ed     91ed      47e     1                 aspeed_ddk::i2c::ast1060_i2c::Ast1060I2c$LT$I2C$C$I2CT$C$L$GT$::aspeed_i2c_read::h15c06a7fd7810c18 (.llvm.6178568609491323605)
    966a     966a      6b4     2         /home/ferrite/rusty1968/initiative/aspeed-rust/target/thumbv7em-none-eabihf/release/deps/libaspeed_ddk-ba190f65fcc992d2.rlib(aspeed_ddk-ba190f65fcc992d2.aspeed_ddk.609ead220c3d04df-cgu.02.rcgu.o):(.text._ZN10aspeed_ddk3i2c11ast1060_i2c32Ast1060I2c$LT$I2C$C$I2CT$C$L$GT$16aspeed_i2c_write17h171b58b891322c6fE.llvm.6178568609491323605)
    966a     966a        0     1                 $t
    966b     966b      6b4     1                 aspeed_ddk::i2c::ast1060_i2c::Ast1060I2c$LT$I2C$C$I2CT$C$L$GT$::aspeed_i2c_write::h171b58b891322c6f (.llvm.6178568609491323605)
    9d1e     9d1e       a0     2         /home/ferrite/rusty1968/initiative/aspeed-rust/target/thumbv7em-none-eabihf/release/deps/libaspeed_ddk-ba190f65fcc992d2.rlib(aspeed_ddk-ba190f65fcc992d2.aspeed_ddk.609ead220c3d04df-cgu.02.rcgu.o):(.text._ZN10aspeed_ddk3i2c11ast1060_i2c32Ast1060I2c$LT$I2C$C$I2CT$C$L$GT$19i2c_aspeed_transfer17hc2f8582452415c5bE)
    9d1e     9d1e        0     1                 $t
    9d1f     9d1f       a0     1                 aspeed_ddk::i2c::ast1060_i2c::Ast1060I2c$LT$I2C$C$I2CT$C$L$GT$::i2c_aspeed_transfer::hc2f8582452415c5b
    9dbe     9dbe        4     2         /home/ferrite/rusty1968/initiative/aspeed-rust/target/thumbv7em-none-eabihf/release/deps/libcortex_m-a377b1891f2e56a3.rlib(bin/thumbv7em-none-eabihf.o):(.text.__nop)
    9dbe     9dbe        0     1                 $t.11
    9dbf     9dbf        4     1                 __nop
    9dc2     9dc2        4     2         /home/ferrite/rusty1968/initiative/aspeed-rust/target/thumbv7em-none-eabihf/release/deps/libcortex_m-a377b1891f2e56a3.rlib(bin/thumbv7em-none-eabihf.o):(.text.__wfi)
    9dc2     9dc2        0     1                 $t.18
    9dc3     9dc3        4     1                 __wfi
    9dc6     9dc6       20     2         /home/ferrite/.rustup/toolchains/nightly-2024-09-17-x86_64-unknown-linux-gnu/lib/rustlib/thumbv7em-none-eabihf/lib/libcore-6c7f6233b52d4c10.rlib(core-6c7f6233b52d4c10.core.852c90009024f853-cgu.0.rcgu.o):(.text.unlikely._ZN4core9panicking9panic_fmt17he980eb901d67cc23E)
    9dc6     9dc6        0     1                 $t
    9dc7     9dc7       20     1                 core::panicking::panic_fmt::he980eb901d67cc23
    9de8     9de8       3c     4         /home/ferrite/.rustup/toolchains/nightly-2024-09-17-x86_64-unknown-linux-gnu/lib/rustlib/thumbv7em-none-eabihf/lib/libcore-6c7f6233b52d4c10.rlib(core-6c7f6233b52d4c10.core.852c90009024f853-cgu.0.rcgu.o):(.text.unlikely._ZN4core9panicking18panic_bounds_check17he9ce46ad88fbfd18E)
    9de8     9de8        0     1                 $t
    9de9     9de9       3c     1                 core::panicking::panic_bounds_check::he9ce46ad88fbfd18
    9e1c     9e1c        0     1                 $d
    9e24     9e24       4a     2         /home/ferrite/.rustup/toolchains/nightly-2024-09-17-x86_64-unknown-linux-gnu/lib/rustlib/thumbv7em-none-eabihf/lib/libcore-6c7f6233b52d4c10.rlib(core-6c7f6233b52d4c10.core.852c90009024f853-cgu.0.rcgu.o):(.text.unlikely._ZN4core6result13unwrap_failed17hd1ed81e200bd9397E)
    9e24     9e24        0     1                 $t
    9e25     9e25       4a     1                 core::result::unwrap_failed::hd1ed81e200bd9397
    9e6e     9e6e      296     2         /home/ferrite/.rustup/toolchains/nightly-2024-09-17-x86_64-unknown-linux-gnu/lib/rustlib/thumbv7em-none-eabihf/lib/libcore-6c7f6233b52d4c10.rlib(core-6c7f6233b52d4c10.core.852c90009024f853-cgu.0.rcgu.o):(.text._ZN68_$LT$core..fmt..builders..PadAdapter$u20$as$u20$core..fmt..Write$GT$9write_str17h5cc1bdc1a923f40fE)
    9e6e     9e6e        0     1                 $t
    9e6f     9e6f      296     1                 _$LT$core..fmt..builders..PadAdapter$u20$as$u20$core..fmt..Write$GT$::write_str::h5cc1bdc1a923f40f
    a104     a104       4c     2         /home/ferrite/.rustup/toolchains/nightly-2024-09-17-x86_64-unknown-linux-gnu/lib/rustlib/thumbv7em-none-eabihf/lib/libcore-6c7f6233b52d4c10.rlib(core-6c7f6233b52d4c10.core.852c90009024f853-cgu.0.rcgu.o):(.text._ZN68_$LT$core..fmt..builders..PadAdapter$u20$as$u20$core..fmt..Write$GT$10write_char17h2029e98034a295b1E)
    a104     a104        0     1                 $t
    a105     a105       4c     1                 _$LT$core..fmt..builders..PadAdapter$u20$as$u20$core..fmt..Write$GT$::write_char::h2029e98034a295b1
    a150     a150       ee     2         /home/ferrite/.rustup/toolchains/nightly-2024-09-17-x86_64-unknown-linux-gnu/lib/rustlib/thumbv7em-none-eabihf/lib/libcore-6c7f6233b52d4c10.rlib(core-6c7f6233b52d4c10.core.852c90009024f853-cgu.0.rcgu.o):(.text._ZN4core3fmt8builders10DebugTuple5field17h94c8aa829c818a6bE)
    a150     a150        0     1                 $t
    a151     a151       ee     1                 core::fmt::builders::DebugTuple::field::h94c8aa829c818a6b
    a23e     a23e       ee     2         /home/ferrite/.rustup/toolchains/nightly-2024-09-17-x86_64-unknown-linux-gnu/lib/rustlib/thumbv7em-none-eabihf/lib/libcore-6c7f6233b52d4c10.rlib(core-6c7f6233b52d4c10.core.852c90009024f853-cgu.0.rcgu.o):(.text._ZN4core3fmt8builders8DebugSet5entry17h4996265deb85ab67E)
    a23e     a23e        0     1                 $t
    a23f     a23f       ee     1                 core::fmt::builders::DebugSet::entry::h4996265deb85ab67
    a23f     a23f       ee     1                 core::fmt::builders::DebugList::entry::h09a1107d44273f89
    a32c     a32c       28     2         /home/ferrite/.rustup/toolchains/nightly-2024-09-17-x86_64-unknown-linux-gnu/lib/rustlib/thumbv7em-none-eabihf/lib/libcore-6c7f6233b52d4c10.rlib(core-6c7f6233b52d4c10.core.852c90009024f853-cgu.0.rcgu.o):(.text._ZN4core3fmt8builders9DebugList6finish17h51d68804ab23fd7dE)
    a32c     a32c        0     1                 $t
    a32d     a32d       28     1                 core::fmt::builders::DebugList::finish::h51d68804ab23fd7d
    a354     a354        e     2         /home/ferrite/.rustup/toolchains/nightly-2024-09-17-x86_64-unknown-linux-gnu/lib/rustlib/thumbv7em-none-eabihf/lib/libcore-6c7f6233b52d4c10.rlib(core-6c7f6233b52d4c10.core.852c90009024f853-cgu.0.rcgu.o):(.text._ZN4core3fmt5Write9write_fmt17hf717b859062ff287E)
    a354     a354        0     1                 $t
    a355     a355        e     1                 core::fmt::Write::write_fmt::hf717b859062ff287
    a362     a362      17c     2         /home/ferrite/.rustup/toolchains/nightly-2024-09-17-x86_64-unknown-linux-gnu/lib/rustlib/thumbv7em-none-eabihf/lib/libcore-6c7f6233b52d4c10.rlib(core-6c7f6233b52d4c10.core.852c90009024f853-cgu.0.rcgu.o):(.text._ZN4core3fmt5write17hbd1e6d9855b9a25fE)
    a362     a362        0     1                 $t
    a363     a363      17c     1                 core::fmt::write::hbd1e6d9855b9a25f
    a4e0     a4e0      2c2     4         /home/ferrite/.rustup/toolchains/nightly-2024-09-17-x86_64-unknown-linux-gnu/lib/rustlib/thumbv7em-none-eabihf/lib/libcore-6c7f6233b52d4c10.rlib(core-6c7f6233b52d4c10.core.852c90009024f853-cgu.0.rcgu.o):(.text._ZN4core3fmt9Formatter12pad_integral17h913c2d29eba25e83E)
    a4e0     a4e0        0     1                 $t
    a4e1     a4e1      2c2     1                 core::fmt::Formatter::pad_integral::h913c2d29eba25e83
    a650     a650        0     1                 $d
    a654     a654        0     1                 $t
    a7a2     a7a2       46     2         /home/ferrite/.rustup/toolchains/nightly-2024-09-17-x86_64-unknown-linux-gnu/lib/rustlib/thumbv7em-none-eabihf/lib/libcore-6c7f6233b52d4c10.rlib(core-6c7f6233b52d4c10.core.852c90009024f853-cgu.0.rcgu.o):(.text._ZN4core3fmt9Formatter12pad_integral12write_prefix17h4d459fe02e6f01d4E)
    a7a2     a7a2        0     1                 $t
    a7a3     a7a3       46     1                 core::fmt::Formatter::pad_integral::write_prefix::h4d459fe02e6f01d4
    a7e8     a7e8      206     4         /home/ferrite/.rustup/toolchains/nightly-2024-09-17-x86_64-unknown-linux-gnu/lib/rustlib/thumbv7em-none-eabihf/lib/libcore-6c7f6233b52d4c10.rlib(core-6c7f6233b52d4c10.core.852c90009024f853-cgu.0.rcgu.o):(.text._ZN4core3fmt9Formatter3pad17hd83da8f793793528E)
    a7e8     a7e8        0     1                 $t
    a7e9     a7e9      206     1                 core::fmt::Formatter::pad::hd83da8f793793528
    a966     a966        0     1                 $d
    a96a     a96a        0     1                 $t
    a9ee     a9ee        8     2         /home/ferrite/.rustup/toolchains/nightly-2024-09-17-x86_64-unknown-linux-gnu/lib/rustlib/thumbv7em-none-eabihf/lib/libcore-6c7f6233b52d4c10.rlib(core-6c7f6233b52d4c10.core.852c90009024f853-cgu.0.rcgu.o):(.text._ZN4core3fmt9Formatter9write_str17hd08576c9db5cad24E)
    a9ee     a9ee        0     1                 $t
    a9ef     a9ef        8     1                 core::fmt::Formatter::write_str::hd08576c9db5cad24
    a9ef     a9ef        8     1                 _$LT$core..fmt..Formatter$u20$as$u20$core..fmt..Write$GT$::write_str::he489898ac507486e
    a9f6     a9f6       a8     2         /home/ferrite/.rustup/toolchains/nightly-2024-09-17-x86_64-unknown-linux-gnu/lib/rustlib/thumbv7em-none-eabihf/lib/libcore-6c7f6233b52d4c10.rlib(core-6c7f6233b52d4c10.core.852c90009024f853-cgu.0.rcgu.o):(.text._ZN4core3fmt9Formatter25debug_tuple_field1_finish17hc44294b41c641edaE)
    a9f6     a9f6        0     1                 $t
    a9f7     a9f7       a8     1                 core::fmt::Formatter::debug_tuple_field1_finish::hc44294b41c641eda
    aa9e     aa9e       24     2         /home/ferrite/.rustup/toolchains/nightly-2024-09-17-x86_64-unknown-linux-gnu/lib/rustlib/thumbv7em-none-eabihf/lib/libcore-6c7f6233b52d4c10.rlib(core-6c7f6233b52d4c10.core.852c90009024f853-cgu.0.rcgu.o):(.text._ZN4core3fmt9Formatter10debug_list17hc46994b393ecf545E)
    aa9e     aa9e        0     1                 $t
    aa9f     aa9f       24     1                 core::fmt::Formatter::debug_list::hc46994b393ecf545
    aac2     aac2        c     2         /home/ferrite/.rustup/toolchains/nightly-2024-09-17-x86_64-unknown-linux-gnu/lib/rustlib/thumbv7em-none-eabihf/lib/libcore-6c7f6233b52d4c10.rlib(core-6c7f6233b52d4c10.core.852c90009024f853-cgu.0.rcgu.o):(.text._ZN42_$LT$str$u20$as$u20$core..fmt..Display$GT$3fmt17h49d8a6dc14ac8bf3E)
    aac2     aac2        0     1                 $t
    aac3     aac3        c     1                 _$LT$str$u20$as$u20$core..fmt..Display$GT$::fmt::h49d8a6dc14ac8bf3
    aace     aace       f2     2         /home/ferrite/.rustup/toolchains/nightly-2024-09-17-x86_64-unknown-linux-gnu/lib/rustlib/thumbv7em-none-eabihf/lib/libcore-6c7f6233b52d4c10.rlib(core-6c7f6233b52d4c10.core.852c90009024f853-cgu.0.rcgu.o):(.text._ZN4core3fmt17pointer_fmt_inner17h6f7fdfd3bed04ce7E)
    aace     aace        0     1                 $t
    aacf     aacf       f2     1                 core::fmt::pointer_fmt_inner::h6f7fdfd3bed04ce7
    abc0     abc0       3e     2         /home/ferrite/.rustup/toolchains/nightly-2024-09-17-x86_64-unknown-linux-gnu/lib/rustlib/thumbv7em-none-eabihf/lib/libcore-6c7f6233b52d4c10.rlib(core-6c7f6233b52d4c10.core.852c90009024f853-cgu.0.rcgu.o):(.text.unlikely._ZN4core5slice5index26slice_start_index_len_fail17h92ab6547c545b41eE)
    abc0     abc0        0     1                 $t
    abc1     abc1       3e     1                 core::slice::index::slice_start_index_len_fail::h92ab6547c545b41e
    abfe     abfe       3e     2         /home/ferrite/.rustup/toolchains/nightly-2024-09-17-x86_64-unknown-linux-gnu/lib/rustlib/thumbv7em-none-eabihf/lib/libcore-6c7f6233b52d4c10.rlib(core-6c7f6233b52d4c10.core.852c90009024f853-cgu.0.rcgu.o):(.text.unlikely._ZN4core5slice5index24slice_end_index_len_fail17h743a3b466c598d3eE)
    abfe     abfe        0     1                 $t
    abff     abff       3e     1                 core::slice::index::slice_end_index_len_fail::h743a3b466c598d3e
    ac3c     ac3c       3e     2         /home/ferrite/.rustup/toolchains/nightly-2024-09-17-x86_64-unknown-linux-gnu/lib/rustlib/thumbv7em-none-eabihf/lib/libcore-6c7f6233b52d4c10.rlib(core-6c7f6233b52d4c10.core.852c90009024f853-cgu.0.rcgu.o):(.text.unlikely._ZN4core5slice5index22slice_index_order_fail17h0f1a6a415a755d54E)
    ac3c     ac3c        0     1                 $t
    ac3d     ac3d       3e     1                 core::slice::index::slice_index_order_fail::h0f1a6a415a755d54
    ac7a     ac7a       40     2         /home/ferrite/.rustup/toolchains/nightly-2024-09-17-x86_64-unknown-linux-gnu/lib/rustlib/thumbv7em-none-eabihf/lib/libcore-6c7f6233b52d4c10.rlib(core-6c7f6233b52d4c10.core.852c90009024f853-cgu.0.rcgu.o):(.text.unlikely._ZN4core5slice29_$LT$impl$u20$$u5b$T$u5d$$GT$15copy_from_slice17len_mismatch_fail17hff7a7913aa3a3e00E)
    ac7a     ac7a        0     1                 $t
    ac7b     ac7b       40     1                 core::slice::_$LT$impl$u20$$u5b$T$u5d$$GT$::copy_from_slice::len_mismatch_fail::hff7a7913aa3a3e00
    acba     acba      22c     2         /home/ferrite/.rustup/toolchains/nightly-2024-09-17-x86_64-unknown-linux-gnu/lib/rustlib/thumbv7em-none-eabihf/lib/libcore-6c7f6233b52d4c10.rlib(core-6c7f6233b52d4c10.core.852c90009024f853-cgu.0.rcgu.o):(.text._ZN4core3str8converts9from_utf817he9248c2a4e4c022cE)
    acba     acba        0     1                 $t
    acbb     acbb      22c     1                 core::str::converts::from_utf8::he9248c2a4e4c022c
    aee6     aee6      4ca     2         /home/ferrite/.rustup/toolchains/nightly-2024-09-17-x86_64-unknown-linux-gnu/lib/rustlib/thumbv7em-none-eabihf/lib/libcore-6c7f6233b52d4c10.rlib(core-6c7f6233b52d4c10.core.852c90009024f853-cgu.0.rcgu.o):(.text._ZN4core3str5count14do_count_chars17hbe7d14a98b129594E)
    aee6     aee6        0     1                 $t
    aee7     aee7      4ca     1                 core::str::count::do_count_chars::hbe7d14a98b129594
    b3b0     b3b0       26     2         /home/ferrite/.rustup/toolchains/nightly-2024-09-17-x86_64-unknown-linux-gnu/lib/rustlib/thumbv7em-none-eabihf/lib/libcore-6c7f6233b52d4c10.rlib(core-6c7f6233b52d4c10.core.852c90009024f853-cgu.0.rcgu.o):(.text.unlikely._ZN4core9panicking11panic_const23panic_const_div_by_zero17h66e27c84bfaec210E)
    b3b0     b3b0        0     1                 $t
    b3b1     b3b1       26     1                 core::panicking::panic_const::panic_const_div_by_zero::h66e27c84bfaec210
    b3d6     b3d6       26     2         /home/ferrite/.rustup/toolchains/nightly-2024-09-17-x86_64-unknown-linux-gnu/lib/rustlib/thumbv7em-none-eabihf/lib/libcore-6c7f6233b52d4c10.rlib(core-6c7f6233b52d4c10.core.852c90009024f853-cgu.0.rcgu.o):(.text.unlikely._ZN4core9panicking11panic_const23panic_const_rem_by_zero17h5f86da0fe2d6ab22E)
    b3d6     b3d6        0     1                 $t
    b3d7     b3d7       26     1                 core::panicking::panic_const::panic_const_rem_by_zero::h5f86da0fe2d6ab22
    b3fc     b3fc       6c     2         /home/ferrite/.rustup/toolchains/nightly-2024-09-17-x86_64-unknown-linux-gnu/lib/rustlib/thumbv7em-none-eabihf/lib/libcore-6c7f6233b52d4c10.rlib(core-6c7f6233b52d4c10.core.852c90009024f853-cgu.0.rcgu.o):(.text._ZN4core3fmt3num52_$LT$impl$u20$core..fmt..LowerHex$u20$for$u20$i8$GT$3fmt17ha27cbe6175373de2E)
    b3fc     b3fc        0     1                 $t
    b3fd     b3fd       6c     1                 core::fmt::num::_$LT$impl$u20$core..fmt..LowerHex$u20$for$u20$i8$GT$::fmt::ha27cbe6175373de2
    b3fd     b3fd       6c     1                 core::fmt::num::_$LT$impl$u20$core..fmt..LowerHex$u20$for$u20$u8$GT$::fmt::h432a811949c59f7a
    b468     b468       6c     2         /home/ferrite/.rustup/toolchains/nightly-2024-09-17-x86_64-unknown-linux-gnu/lib/rustlib/thumbv7em-none-eabihf/lib/libcore-6c7f6233b52d4c10.rlib(core-6c7f6233b52d4c10.core.852c90009024f853-cgu.0.rcgu.o):(.text._ZN4core3fmt3num52_$LT$impl$u20$core..fmt..UpperHex$u20$for$u20$i8$GT$3fmt17h49e5084acfd873eaE)
    b468     b468        0     1                 $t
    b469     b469       6c     1                 core::fmt::num::_$LT$impl$u20$core..fmt..UpperHex$u20$for$u20$i8$GT$::fmt::h49e5084acfd873ea
    b469     b469       6c     1                 core::fmt::num::_$LT$impl$u20$core..fmt..UpperHex$u20$for$u20$u8$GT$::fmt::hf856a598fba567cf
    b4d4     b4d4       b2     2         /home/ferrite/.rustup/toolchains/nightly-2024-09-17-x86_64-unknown-linux-gnu/lib/rustlib/thumbv7em-none-eabihf/lib/libcore-6c7f6233b52d4c10.rlib(core-6c7f6233b52d4c10.core.852c90009024f853-cgu.0.rcgu.o):(.text._ZN4core3fmt3num53_$LT$impl$u20$core..fmt..LowerHex$u20$for$u20$i16$GT$3fmt17h8e9eecb462844c08E)
    b4d4     b4d4        0     1                 $t
    b4d5     b4d5       b2     1                 core::fmt::num::_$LT$impl$u20$core..fmt..LowerHex$u20$for$u20$i16$GT$::fmt::h8e9eecb462844c08
    b4d5     b4d5       b2     1                 core::fmt::num::_$LT$impl$u20$core..fmt..LowerHex$u20$for$u20$u16$GT$::fmt::h96add474fabb42d5
    b586     b586       c6     2         /home/ferrite/.rustup/toolchains/nightly-2024-09-17-x86_64-unknown-linux-gnu/lib/rustlib/thumbv7em-none-eabihf/lib/libcore-6c7f6233b52d4c10.rlib(core-6c7f6233b52d4c10.core.852c90009024f853-cgu.0.rcgu.o):(.text._ZN4core3fmt3num53_$LT$impl$u20$core..fmt..LowerHex$u20$for$u20$i32$GT$3fmt17h7f62c8a03284bbfdE)
    b586     b586        0     1                 $t
    b587     b587       c6     1                 core::fmt::num::_$LT$impl$u20$core..fmt..LowerHex$u20$for$u20$i32$GT$::fmt::h7f62c8a03284bbfd
    b587     b587       c6     1                 core::fmt::num::_$LT$impl$u20$core..fmt..LowerHex$u20$for$u20$usize$GT$::fmt::h153e65c8b07e81a5
    b587     b587       c6     1                 core::fmt::num::_$LT$impl$u20$core..fmt..LowerHex$u20$for$u20$isize$GT$::fmt::h39fe4e2f7d1aa7a1
    b587     b587       c6     1                 core::fmt::num::_$LT$impl$u20$core..fmt..LowerHex$u20$for$u20$u32$GT$::fmt::h1f2d2ec9763c8b63
    b64c     b64c       c6     2         /home/ferrite/.rustup/toolchains/nightly-2024-09-17-x86_64-unknown-linux-gnu/lib/rustlib/thumbv7em-none-eabihf/lib/libcore-6c7f6233b52d4c10.rlib(core-6c7f6233b52d4c10.core.852c90009024f853-cgu.0.rcgu.o):(.text._ZN4core3fmt3num53_$LT$impl$u20$core..fmt..UpperHex$u20$for$u20$i32$GT$3fmt17h18c3110f90b5034eE)
    b64c     b64c        0     1                 $t
    b64d     b64d       c6     1                 core::fmt::num::_$LT$impl$u20$core..fmt..UpperHex$u20$for$u20$i32$GT$::fmt::h18c3110f90b5034e
    b64d     b64d       c6     1                 core::fmt::num::_$LT$impl$u20$core..fmt..UpperHex$u20$for$u20$usize$GT$::fmt::h0f6ecb5be1bc9807
    b64d     b64d       c6     1                 core::fmt::num::_$LT$impl$u20$core..fmt..UpperHex$u20$for$u20$isize$GT$::fmt::h38770bd23d0e1573
    b64d     b64d       c6     1                 core::fmt::num::_$LT$impl$u20$core..fmt..UpperHex$u20$for$u20$u32$GT$::fmt::h66e4fcd9c480279a
    b712     b712       72     2         /home/ferrite/.rustup/toolchains/nightly-2024-09-17-x86_64-unknown-linux-gnu/lib/rustlib/thumbv7em-none-eabihf/lib/libcore-6c7f6233b52d4c10.rlib(core-6c7f6233b52d4c10.core.852c90009024f853-cgu.0.rcgu.o):(.text._ZN4core3fmt3num3imp51_$LT$impl$u20$core..fmt..Display$u20$for$u20$u8$GT$3fmt17he429b30a2b74362fE)
    b712     b712        0     1                 $t
    b713     b713       72     1                 core::fmt::num::imp::_$LT$impl$u20$core..fmt..Display$u20$for$u20$u8$GT$::fmt::he429b30a2b74362f
    b784     b784       ee     2         /home/ferrite/.rustup/toolchains/nightly-2024-09-17-x86_64-unknown-linux-gnu/lib/rustlib/thumbv7em-none-eabihf/lib/libcore-6c7f6233b52d4c10.rlib(core-6c7f6233b52d4c10.core.852c90009024f853-cgu.0.rcgu.o):(.text._ZN4core3fmt3num3imp52_$LT$impl$u20$core..fmt..Display$u20$for$u20$u32$GT$3fmt17h740d9d329de9378dE)
    b784     b784        0     1                 $t
    b785     b785       ee     1                 core::fmt::num::imp::_$LT$impl$u20$core..fmt..Display$u20$for$u20$u32$GT$::fmt::h740d9d329de9378d
    b785     b785       ee     1                 core::fmt::num::imp::_$LT$impl$u20$core..fmt..Display$u20$for$u20$usize$GT$::fmt::hfff846d17e5e3b19
    b872     b872        8     2         /home/ferrite/.rustup/toolchains/nightly-2024-09-17-x86_64-unknown-linux-gnu/lib/rustlib/thumbv7em-none-eabihf/lib/libcore-6c7f6233b52d4c10.rlib(core-6c7f6233b52d4c10.core.852c90009024f853-cgu.0.rcgu.o):(.text._ZN42_$LT$$RF$T$u20$as$u20$core..fmt..Debug$GT$3fmt17h351112f956d041b5E)
    b872     b872        0     1                 $t
    b873     b873        8     1                 _$LT$$RF$T$u20$as$u20$core..fmt..Debug$GT$::fmt::h351112f956d041b5
    b87a     b87a        c     2         /home/ferrite/.rustup/toolchains/nightly-2024-09-17-x86_64-unknown-linux-gnu/lib/rustlib/thumbv7em-none-eabihf/lib/libcore-6c7f6233b52d4c10.rlib(core-6c7f6233b52d4c10.core.852c90009024f853-cgu.0.rcgu.o):(.text._ZN44_$LT$$RF$T$u20$as$u20$core..fmt..Display$GT$3fmt17h17106c9c14b17303E)
    b87a     b87a        0     1                 $t
    b87b     b87b        c     1                 _$LT$$RF$T$u20$as$u20$core..fmt..Display$GT$::fmt::h17106c9c14b17303
    b886     b886       74     2         /home/ferrite/.rustup/toolchains/nightly-2024-09-17-x86_64-unknown-linux-gnu/lib/rustlib/thumbv7em-none-eabihf/lib/libcompiler_builtins-53d64bf4200dbde9.rlib(compiler_builtins-53d64bf4200dbde9.compiler_builtins.cb1056fec953b42b-cgu.080.rcgu.o):(.text.memcmp)
    b886     b886        0     1                 $t
    b887     b887       74     1                 memcmp
    b8fa     b8fa       a2     2         /home/ferrite/.rustup/toolchains/nightly-2024-09-17-x86_64-unknown-linux-gnu/lib/rustlib/thumbv7em-none-eabihf/lib/libcompiler_builtins-53d64bf4200dbde9.rlib(compiler_builtins-53d64bf4200dbde9.compiler_builtins.cb1056fec953b42b-cgu.129.rcgu.o):(.text.__aeabi_memset4)
    b8fa     b8fa        0     1                 $t
    b8fb     b8fb       a2     1                 __aeabi_memset4
    b99c     b99c       a4     2         /home/ferrite/.rustup/toolchains/nightly-2024-09-17-x86_64-unknown-linux-gnu/lib/rustlib/thumbv7em-none-eabihf/lib/libcompiler_builtins-53d64bf4200dbde9.rlib(compiler_builtins-53d64bf4200dbde9.compiler_builtins.cb1056fec953b42b-cgu.159.rcgu.o):(.text.__aeabi_memclr8)
    b99c     b99c        0     1                 $t
    b99d     b99d       a4     1                 __aeabi_memclr8
    ba40     ba40       a4     2         /home/ferrite/.rustup/toolchains/nightly-2024-09-17-x86_64-unknown-linux-gnu/lib/rustlib/thumbv7em-none-eabihf/lib/libcompiler_builtins-53d64bf4200dbde9.rlib(compiler_builtins-53d64bf4200dbde9.compiler_builtins.cb1056fec953b42b-cgu.175.rcgu.o):(.text.__aeabi_memclr4)
    ba40     ba40        0     1                 $t
    ba41     ba41       a4     1                 __aeabi_memclr4
    bae4     bae4        4     2         /home/ferrite/.rustup/toolchains/nightly-2024-09-17-x86_64-unknown-linux-gnu/lib/rustlib/thumbv7em-none-eabihf/lib/libcompiler_builtins-53d64bf4200dbde9.rlib(compiler_builtins-53d64bf4200dbde9.compiler_builtins.cb1056fec953b42b-cgu.235.rcgu.o):(.text.__aeabi_memmove)
    bae4     bae4        0     1                 $t
    bae5     bae5        4     1                 __aeabi_memmove
    bae8     bae8      148     2         /home/ferrite/.rustup/toolchains/nightly-2024-09-17-x86_64-unknown-linux-gnu/lib/rustlib/thumbv7em-none-eabihf/lib/libcompiler_builtins-53d64bf4200dbde9.rlib(compiler_builtins-53d64bf4200dbde9.compiler_builtins.cb1056fec953b42b-cgu.010.rcgu.o):(.text._ZN17compiler_builtins3mem6memcpy17h6c204cf2c29bedd0E)
    bae8     bae8        0     1                 $t
    bae9     bae9      148     1                 compiler_builtins::mem::memcpy::h6c204cf2c29bedd0
    bc30     bc30      33e     2         /home/ferrite/.rustup/toolchains/nightly-2024-09-17-x86_64-unknown-linux-gnu/lib/rustlib/thumbv7em-none-eabihf/lib/libcompiler_builtins-53d64bf4200dbde9.rlib(compiler_builtins-53d64bf4200dbde9.compiler_builtins.cb1056fec953b42b-cgu.010.rcgu.o):(.text._ZN17compiler_builtins3mem7memmove17ha44af9696316221cE)
    bc30     bc30        0     1                 $t
    bc31     bc31      33e     1                 compiler_builtins::mem::memmove::ha44af9696316221c
    bf6e     bf6e        4     2         /home/ferrite/.rustup/toolchains/nightly-2024-09-17-x86_64-unknown-linux-gnu/lib/rustlib/thumbv7em-none-eabihf/lib/libcompiler_builtins-53d64bf4200dbde9.rlib(compiler_builtins-53d64bf4200dbde9.compiler_builtins.cb1056fec953b42b-cgu.251.rcgu.o):(.text.__aeabi_memcpy)
    bf6e     bf6e        0     1                 $t
    bf6f     bf6f        4     1                 __aeabi_memcpy
    bf72     bf72       92     2         /home/ferrite/.rustup/toolchains/nightly-2024-09-17-x86_64-unknown-linux-gnu/lib/rustlib/thumbv7em-none-eabihf/lib/libcompiler_builtins-53d64bf4200dbde9.rlib(compiler_builtins-53d64bf4200dbde9.compiler_builtins.cb1056fec953b42b-cgu.279.rcgu.o):(.text.__aeabi_memclr)
    bf72     bf72        0     1                 $t
    bf73     bf73       92     1                 __aeabi_memclr
    c004     c004       a4     2         /home/ferrite/.rustup/toolchains/nightly-2024-09-17-x86_64-unknown-linux-gnu/lib/rustlib/thumbv7em-none-eabihf/lib/libcompiler_builtins-53d64bf4200dbde9.rlib(compiler_builtins-53d64bf4200dbde9.compiler_builtins.cb1056fec953b42b-cgu.335.rcgu.o):(.text.__aeabi_memcpy4)
    c004     c004        0     1                 $t
    c005     c005       a4     1                 __aeabi_memcpy4
    c0a8     c0a8       14     2         /home/ferrite/rusty1968/initiative/aspeed-rust/target/thumbv7em-none-eabihf/release/deps/libcortex_m_rt-7f0c5500b9abbdfd.rlib(cortex-m-rt.o):(.HardFaultTrampoline)
[...]
    1050     1050       20     1         /home/ferrite/.rustup/toolchains/nightly-2024-09-17-x86_64-unknown-linux-gnu/lib/rustlib/thumbv7em-none-eabihf/lib/libcompiler_builtins-53d64bf4200dbde9.rlib(compiler_builtins-53d64bf4200dbde9.compiler_builtins.cb1056fec953b42b-cgu.159.rcgu.o):(.debug_aranges)
    1070     1070       20     1         /home/ferrite/.rustup/toolchains/nightly-2024-09-17-x86_64-unknown-linux-gnu/lib/rustlib/thumbv7em-none-eabihf/lib/libcompiler_builtins-53d64bf4200dbde9.rlib(compiler_builtins-53d64bf4200dbde9.compiler_builtins.cb1056fec953b42b-cgu.175.rcgu.o):(.debug_aranges)
    1090     1090       20     1         /home/ferrite/.rustup/toolchains/nightly-2024-09-17-x86_64-unknown-linux-gnu/lib/rustlib/thumbv7em-none-eabihf/lib/libcompiler_builtins-53d64bf4200dbde9.rlib(compiler_builtins-53d64bf4200dbde9.compiler_builtins.cb1056fec953b42b-cgu.228.rcgu.o):(.debug_aranges)
    10b0     10b0       20     1         /home/ferrite/.rustup/toolchains/nightly-2024-09-17-x86_64-unknown-linux-gnu/lib/rustlib/thumbv7em-none-eabihf/lib/libcompiler_builtins-53d64bf4200dbde9.rlib(compiler_builtins-53d64bf4200dbde9.compiler_builtins.cb1056fec953b42b-cgu.235.rcgu.o):(.debug_aranges)
    10d0     10d0       78     1         /home/ferrite/.rustup/toolchains/nightly-2024-09-17-x86_64-unknown-linux-gnu/lib/rustlib/thumbv7em-none-eabihf/lib/libcompiler_builtins-53d64bf4200dbde9.rlib(compiler_builtins-53d64bf4200dbde9.compiler_builtins.cb1056fec953b42b-cgu.010.rcgu.o):(.debug_aranges)
    1148     1148       20     1         /home/ferrite/.rustup/toolchains/nightly-2024-09-17-x86_64-unknown-linux-gnu/lib/rustlib/thumbv7em-none-eabihf/lib/libcompiler_builtins-53d64bf4200dbde9.rlib(compiler_builtins-53d64bf4200dbde9.compiler_builtins.cb1056fec953b42b-cgu.237.rcgu.o):(.debug_aranges)
    1168     1168       30     1         /home/ferrite/.rustup/toolchains/nightly-2024-09-17-x86_64-unknown-linux-gnu/lib/rustlib/thumbv7em-none-eabihf/lib/libcompiler_builtins-53d64bf4200dbde9.rlib(compiler_builtins-53d64bf4200dbde9.compiler_builtins.cb1056fec953b42b-cgu.004.rcgu.o):(.debug_aranges)
    1198     1198       50     1         /home/ferrite/.rustup/toolchains/nightly-2024-09-17-x86_64-unknown-linux-gnu/lib/rustlib/thumbv7em-none-eabihf/lib/libcompiler_builtins-53d64bf4200dbde9.rlib(compiler_builtins-53d64bf4200dbde9.compiler_builtins.cb1056fec953b42b-cgu.019.rcgu.o):(.debug_aranges)
    11e8     11e8       20     1         /home/ferrite/.rustup/toolchains/nightly-2024-09-17-x86_64-unknown-linux-gnu/lib/rustlib/thumbv7em-none-eabihf/lib/libcompiler_builtins-53d64bf4200dbde9.rlib(compiler_builtins-53d64bf4200dbde9.compiler_builtins.cb1056fec953b42b-cgu.248.rcgu.o):(.debug_aranges)
    1208     1208       20     1         /home/ferrite/.rustup/toolchains/nightly-2024-09-17-x86_64-unknown-linux-gnu/lib/rustlib/thumbv7em-none-eabihf/lib/libcompiler_builtins-53d64bf4200dbde9.rlib(compiler_builtins-53d64bf4200dbde9.compiler_builtins.cb1056fec953b42b-cgu.251.rcgu.o):(.debug_aranges)
    1228     1228       20     1         /home/ferrite/.rustup/toolchains/nightly-2024-09-17-x86_64-unknown-linux-gnu/lib/rustlib/thumbv7em-none-eabihf/lib/libcompiler_builtins-53d64bf4200dbde9.rlib(compiler_builtins-53d64bf4200dbde9.compiler_builtins.cb1056fec953b42b-cgu.269.rcgu.o):(.debug_aranges)
    1248     1248       28     1         /home/ferrite/.rustup/toolchains/nightly-2024-09-17-x86_64-unknown-linux-gnu/lib/rustlib/thumbv7em-none-eabihf/lib/libcompiler_builtins-53d64bf4200dbde9.rlib(compiler_builtins-53d64bf4200dbde9.compiler_builtins.cb1056fec953b42b-cgu.005.rcgu.o):(.debug_aranges)
    1270     1270       20     1         /home/ferrite/.rustup/toolchains/nightly-2024-09-17-x86_64-unknown-linux-gnu/lib/rustlib/thumbv7em-none-eabihf/lib/libcompiler_builtins-53d64bf4200dbde9.rlib(compiler_builtins-53d64bf4200dbde9.compiler_builtins.cb1056fec953b42b-cgu.279.rcgu.o):(.debug_aranges)
    1290     1290       20     1         /home/ferrite/.rustup/toolchains/nightly-2024-09-17-x86_64-unknown-linux-gnu/lib/rustlib/thumbv7em-none-eabihf/lib/libcompiler_builtins-53d64bf4200dbde9.rlib(compiler_builtins-53d64bf4200dbde9.compiler_builtins.cb1056fec953b42b-cgu.317.rcgu.o):(.debug_aranges)
    12b0     12b0       20     1         /home/ferrite/.rustup/toolchains/nightly-2024-09-17-x86_64-unknown-linux-gnu/lib/rustlib/thumbv7em-none-eabihf/lib/libcompiler_builtins-53d64bf4200dbde9.rlib(compiler_builtins-53d64bf4200dbde9.compiler_builtins.cb1056fec953b42b-cgu.324.rcgu.o):(.debug_aranges)
    12d0     12d0       20     1         /home/ferrite/.rustup/toolchains/nightly-2024-09-17-x86_64-unknown-linux-gnu/lib/rustlib/thumbv7em-none-eabihf/lib/libcompiler_builtins-53d64bf4200dbde9.rlib(compiler_builtins-53d64bf4200dbde9.compiler_builtins.cb1056fec953b42b-cgu.335.rcgu.o):(.debug_aranges)
    12f0     12f0       20     1         /home/ferrite/.rustup/toolchains/nightly-2024-09-17-x86_64-unknown-linux-gnu/lib/rustlib/thumbv7em-none-eabihf/lib/libcompiler_builtins-53d64bf4200dbde9.rlib(compiler_builtins-53d64bf4200dbde9.compiler_builtins.cb1056fec953b42b-cgu.337.rcgu.o):(.debug_aranges)
    1310     1310       20     1         /home/ferrite/.rustup/toolchains/nightly-2024-09-17-x86_64-unknown-linux-gnu/lib/rustlib/thumbv7em-none-eabihf/lib/libcompiler_builtins-53d64bf4200dbde9.rlib(compiler_builtins-53d64bf4200dbde9.compiler_builtins.cb1056fec953b42b-cgu.348.rcgu.o):(.debug_aranges)
    1330     1330       20     1         /home/ferrite/.rustup/toolchains/nightly-2024-09-17-x86_64-unknown-linux-gnu/lib/rustlib/thumbv7em-none-eabihf/lib/libcompiler_builtins-53d64bf4200dbde9.rlib(compiler_builtins-53d64bf4200dbde9.compiler_builtins.cb1056fec953b42b-cgu.210.rcgu.o):(.debug_aranges)
    1350     1350       28     1         /home/ferrite/.rustup/toolchains/nightly-2024-09-17-x86_64-unknown-linux-gnu/lib/rustlib/thumbv7em-none-eabihf/lib/libcompiler_builtins-53d64bf4200dbde9.rlib(compiler_builtins-53d64bf4200dbde9.compiler_builtins.cb1056fec953b42b-cgu.008.rcgu.o):(.debug_aranges)
       0        0    1a908     1 .debug_ranges
       0        0      100     1         /home/ferrite/rusty1968/initiative/aspeed-rust/target/thumbv7em-none-eabihf/release/deps/libcortex_m-a377b1891f2e56a3.rlib(bin/thumbv7em-none-eabihf.o):(.debug_ranges)
     100      100    19320     1         /home/ferrite/.rustup/toolchains/nightly-2024-09-17-x86_64-unknown-linux-gnu/lib/rustlib/thumbv7em-none-eabihf/lib/libcore-6c7f6233b52d4c10.rlib(core-6c7f6233b52d4c10.core.852c90009024f853-cgu.0.rcgu.o):(.debug_ranges)
   19420    19420       30     1         /home/ferrite/.rustup/toolchains/nightly-2024-09-17-x86_64-unknown-linux-gnu/lib/rustlib/thumbv7em-none-eabihf/lib/libcompiler_builtins-53d64bf4200dbde9.rlib(compiler_builtins-53d64bf4200dbde9.compiler_builtins.cb1056fec953b42b-cgu.080.rcgu.o):(.debug_ranges)
   19450    19450       48     1         /home/ferrite/.rustup/toolchains/nightly-2024-09-17-x86_64-unknown-linux-gnu/lib/rustlib/thumbv7em-none-eabihf/lib/libcompiler_builtins-53d64bf4200dbde9.rlib(compiler_builtins-53d64bf4200dbde9.compiler_builtins.cb1056fec953b42b-cgu.121.rcgu.o):(.debug_ranges)
   19498    19498       18     1         /home/ferrite/.rustup/toolchains/nightly-2024-09-17-x86_64-unknown-linux-gnu/lib/rustlib/thumbv7em-none-eabihf/lib/libcompiler_builtins-53d64bf4200dbde9.rlib(compiler_builtins-53d64bf4200dbde9.compiler_builtins.cb1056fec953b42b-cgu.129.rcgu.o):(.debug_ranges)
   194b0    194b0       a8     1         /home/ferrite/.rustup/toolchains/nightly-2024-09-17-x86_64-unknown-linux-gnu/lib/rustlib/thumbv7em-none-eabihf/lib/libcompiler_builtins-53d64bf4200dbde9.rlib(compiler_builtins-53d64bf4200dbde9.compiler_builtins.cb1056fec953b42b-cgu.159.rcgu.o):(.debug_ranges)
   19558    19558       a8     1         /home/ferrite/.rustup/toolchains/nightly-2024-09-17-x86_64-unknown-linux-gnu/lib/rustlib/thumbv7em-none-eabihf/lib/libcompiler_builtins-53d64bf4200dbde9.rlib(compiler_builtins-53d64bf4200dbde9.compiler_builtins.cb1056fec953b42b-cgu.175.rcgu.o):(.debug_ranges)
   19600    19600       48     1         /home/ferrite/.rustup/toolchains/nightly-2024-09-17-x86_64-unknown-linux-gnu/lib/rustlib/thumbv7em-none-eabihf/lib/libcompiler_builtins-53d64bf4200dbde9.rlib(compiler_builtins-53d64bf4200dbde9.compiler_builtins.cb1056fec953b42b-cgu.228.rcgu.o):(.debug_ranges)
   19648    19648      2a0     1         /home/ferrite/.rustup/toolchains/nightly-2024-09-17-x86_64-unknown-linux-gnu/lib/rustlib/thumbv7em-none-eabihf/lib/libcompiler_builtins-53d64bf4200dbde9.rlib(compiler_builtins-53d64bf4200dbde9.compiler_builtins.cb1056fec953b42b-cgu.010.rcgu.o):(.debug_ranges)
   198e8    198e8      6f0     1         /home/ferrite/.rustup/toolchains/nightly-2024-09-17-x86_64-unknown-linux-gnu/lib/rustlib/thumbv7em-none-eabihf/lib/libcompiler_builtins-53d64bf4200dbde9.rlib(compiler_builtins-53d64bf4200dbde9.compiler_builtins.cb1056fec953b42b-cgu.004.rcgu.o):(.debug_ranges)
   19fd8    19fd8       88     1         /home/ferrite/.rustup/toolchains/nightly-2024-09-17-x86_64-unknown-linux-gnu/lib/rustlib/thumbv7em-none-eabihf/lib/libcompiler_builtins-53d64bf4200dbde9.rlib(compiler_builtins-53d64bf4200dbde9.compiler_builtins.cb1056fec953b42b-cgu.019.rcgu.o):(.debug_ranges)
   1a060    1a060       30     1         /home/ferrite/.rustup/toolchains/nightly-2024-09-17-x86_64-unknown-linux-gnu/lib/rustlib/thumbv7em-none-eabihf/lib/libcompiler_builtins-53d64bf4200dbde9.rlib(compiler_builtins-53d64bf4200dbde9.compiler_builtins.cb1056fec953b42b-cgu.248.rcgu.o):(.debug_ranges)
   1a090    1a090      4a8     1         /home/ferrite/.rustup/toolchains/nightly-2024-09-17-x86_64-unknown-linux-gnu/lib/rustlib/thumbv7em-none-eabihf/lib/libcompiler_builtins-53d64bf4200dbde9.rlib(compiler_builtins-53d64bf4200dbde9.compiler_builtins.cb1056fec953b42b-cgu.005.rcgu.o):(.debug_ranges)
   1a538    1a538       78     1         /home/ferrite/.rustup/toolchains/nightly-2024-09-17-x86_64-unknown-linux-gnu/lib/rustlib/thumbv7em-none-eabihf/lib/libcompiler_builtins-53d64bf4200dbde9.rlib(compiler_builtins-53d64bf4200dbde9.compiler_builtins.cb1056fec953b42b-cgu.279.rcgu.o):(.debug_ranges)
   1a5b0    1a5b0       60     1         /home/ferrite/.rustup/toolchains/nightly-2024-09-17-x86_64-unknown-linux-gnu/lib/rustlib/thumbv7em-none-eabihf/lib/libcompiler_builtins-53d64bf4200dbde9.rlib(compiler_builtins-53d64bf4200dbde9.compiler_builtins.cb1056fec953b42b-cgu.317.rcgu.o):(.debug_ranges)
   1a610    1a610       30     1         /home/ferrite/.rustup/toolchains/nightly-2024-09-17-x86_64-unknown-linux-gnu/lib/rustlib/thumbv7em-none-eabihf/lib/libcompiler_builtins-53d64bf4200dbde9.rlib(compiler_builtins-53d64bf4200dbde9.compiler_builtins.cb1056fec953b42b-cgu.324.rcgu.o):(.debug_ranges)
   1a640    1a640       48     1         /home/ferrite/.rustup/toolchains/nightly-2024-09-17-x86_64-unknown-linux-gnu/lib/rustlib/thumbv7em-none-eabihf/lib/libcompiler_builtins-53d64bf4200dbde9.rlib(compiler_builtins-53d64bf4200dbde9.compiler_builtins.cb1056fec953b42b-cgu.335.rcgu.o):(.debug_ranges)
   1a688    1a688      280     1         /home/ferrite/.rustup/toolchains/nightly-2024-09-17-x86_64-unknown-linux-gnu/lib/rustlib/thumbv7em-none-eabihf/lib/libcompiler_builtins-53d64bf4200dbde9.rlib(compiler_builtins-53d64bf4200dbde9.compiler_builtins.cb1056fec953b42b-cgu.008.rcgu.o):(.debug_ranges)
       0        0    3c5bf     1 .debug_str
       0        0    3c5bf     1         <internal>:(.debug_str)
       0        0      2be     1 .debug_pubnames
       0        0      2be     1         /home/ferrite/rusty1968/initiative/aspeed-rust/target/thumbv7em-none-eabihf/release/deps/libcortex_m-a377b1891f2e56a3.rlib(bin/thumbv7em-none-eabihf.o):(.debug_pubnames)
       0        0       47     1 .debug_pubtypes
       0        0       47     1         /home/ferrite/rusty1968/initiative/aspeed-rust/target/thumbv7em-none-eabihf/release/deps/libcortex_m-a377b1891f2e56a3.rlib(bin/thumbv7em-none-eabihf.o):(.debug_pubtypes)
       0        0    20eb2     1 .debug_line
       0        0      4ad     1         /home/ferrite/rusty1968/initiative/aspeed-rust/target/thumbv7em-none-eabihf/release/deps/libcortex_m-a377b1891f2e56a3.rlib(bin/thumbv7em-none-eabihf.o):(.debug_line)
     4ad      4ad    1c0bb     1         /home/ferrite/.rustup/toolchains/nightly-2024-09-17-x86_64-unknown-linux-gnu/lib/rustlib/thumbv7em-none-eabihf/lib/libcore-6c7f6233b52d4c10.rlib(core-6c7f6233b52d4c10.core.852c90009024f853-cgu.0.rcgu.o):(.debug_line)
   1c568    1c568       ab     1         /home/ferrite/.rustup/toolchains/nightly-2024-09-17-x86_64-unknown-linux-gnu/lib/rustlib/thumbv7em-none-eabihf/lib/libcompiler_builtins-53d64bf4200dbde9.rlib(compiler_builtins-53d64bf4200dbde9.compiler_builtins.cb1056fec953b42b-cgu.080.rcgu.o):(.debug_line)
   1c613    1c613      223     1         /home/ferrite/.rustup/toolchains/nightly-2024-09-17-x86_64-unknown-linux-gnu/lib/rustlib/thumbv7em-none-eabihf/lib/libcompiler_builtins-53d64bf4200dbde9.rlib(compiler_builtins-53d64bf4200dbde9.compiler_builtins.cb1056fec953b42b-cgu.121.rcgu.o):(.debug_line)
   1c836    1c836      221     1         /home/ferrite/.rustup/toolchains/nightly-2024-09-17-x86_64-unknown-linux-gnu/lib/rustlib/thumbv7em-none-eabihf/lib/libcompiler_builtins-53d64bf4200dbde9.rlib(compiler_builtins-53d64bf4200dbde9.compiler_builtins.cb1056fec953b42b-cgu.129.rcgu.o):(.debug_line)
   1ca57    1ca57      232     1         /home/ferrite/.rustup/toolchains/nightly-2024-09-17-x86_64-unknown-linux-gnu/lib/rustlib/thumbv7em-none-eabihf/lib/libcompiler_builtins-53d64bf4200dbde9.rlib(compiler_builtins-53d64bf4200dbde9.compiler_builtins.cb1056fec953b42b-cgu.159.rcgu.o):(.debug_line)
   1cc89    1cc89      232     1         /home/ferrite/.rustup/toolchains/nightly-2024-09-17-x86_64-unknown-linux-gnu/lib/rustlib/thumbv7em-none-eabihf/lib/libcompiler_builtins-53d64bf4200dbde9.rlib(compiler_builtins-53d64bf4200dbde9.compiler_builtins.cb1056fec953b42b-cgu.175.rcgu.o):(.debug_line)
   1cebb    1cebb      244     1         /home/ferrite/.rustup/toolchains/nightly-2024-09-17-x86_64-unknown-linux-gnu/lib/rustlib/thumbv7em-none-eabihf/lib/libcompiler_builtins-53d64bf4200dbde9.rlib(compiler_builtins-53d64bf4200dbde9.compiler_builtins.cb1056fec953b42b-cgu.228.rcgu.o):(.debug_line)
   1d0ff    1d0ff       7b     1         /home/ferrite/.rustup/toolchains/nightly-2024-09-17-x86_64-unknown-linux-gnu/lib/rustlib/thumbv7em-none-eabihf/lib/libcompiler_builtins-53d64bf4200dbde9.rlib(compiler_builtins-53d64bf4200dbde9.compiler_builtins.cb1056fec953b42b-cgu.235.rcgu.o):(.debug_line)
   1d17a    1d17a      d92     1         /home/ferrite/.rustup/toolchains/nightly-2024-09-17-x86_64-unknown-linux-gnu/lib/rustlib/thumbv7em-none-eabihf/lib/libcompiler_builtins-53d64bf4200dbde9.rlib(compiler_builtins-53d64bf4200dbde9.compiler_builtins.cb1056fec953b42b-cgu.010.rcgu.o):(.debug_line)
   1df0c    1df0c       42     1         /home/ferrite/.rustup/toolchains/nightly-2024-09-17-x86_64-unknown-linux-gnu/lib/rustlib/thumbv7em-none-eabihf/lib/libcompiler_builtins-53d64bf4200dbde9.rlib(compiler_builtins-53d64bf4200dbde9.compiler_builtins.cb1056fec953b42b-cgu.237.rcgu.o):(.debug_line)
   1df4e    1df4e      d89     1         /home/ferrite/.rustup/toolchains/nightly-2024-09-17-x86_64-unknown-linux-gnu/lib/rustlib/thumbv7em-none-eabihf/lib/libcompiler_builtins-53d64bf4200dbde9.rlib(compiler_builtins-53d64bf4200dbde9.compiler_builtins.cb1056fec953b42b-cgu.004.rcgu.o):(.debug_line)
   1ecd7    1ecd7      3a4     1         /home/ferrite/.rustup/toolchains/nightly-2024-09-17-x86_64-unknown-linux-gnu/lib/rustlib/thumbv7em-none-eabihf/lib/libcompiler_builtins-53d64bf4200dbde9.rlib(compiler_builtins-53d64bf4200dbde9.compiler_builtins.cb1056fec953b42b-cgu.019.rcgu.o):(.debug_line)
   1f07b    1f07b      204     1         /home/ferrite/.rustup/toolchains/nightly-2024-09-17-x86_64-unknown-linux-gnu/lib/rustlib/thumbv7em-none-eabihf/lib/libcompiler_builtins-53d64bf4200dbde9.rlib(compiler_builtins-53d64bf4200dbde9.compiler_builtins.cb1056fec953b42b-cgu.248.rcgu.o):(.debug_line)
   1f27f    1f27f       7b     1         /home/ferrite/.rustup/toolchains/nightly-2024-09-17-x86_64-unknown-linux-gnu/lib/rustlib/thumbv7em-none-eabihf/lib/libcompiler_builtins-53d64bf4200dbde9.rlib(compiler_builtins-53d64bf4200dbde9.compiler_builtins.cb1056fec953b42b-cgu.251.rcgu.o):(.debug_line)
   1f2fa    1f2fa       49     1         /home/ferrite/.rustup/toolchains/nightly-2024-09-17-x86_64-unknown-linux-gnu/lib/rustlib/thumbv7em-none-eabihf/lib/libcompiler_builtins-53d64bf4200dbde9.rlib(compiler_builtins-53d64bf4200dbde9.compiler_builtins.cb1056fec953b42b-cgu.269.rcgu.o):(.debug_line)
   1f343    1f343      8f0     1         /home/ferrite/.rustup/toolchains/nightly-2024-09-17-x86_64-unknown-linux-gnu/lib/rustlib/thumbv7em-none-eabihf/lib/libcompiler_builtins-53d64bf4200dbde9.rlib(compiler_builtins-53d64bf4200dbde9.compiler_builtins.cb1056fec953b42b-cgu.005.rcgu.o):(.debug_line)
   1fc33    1fc33      2e7     1         /home/ferrite/.rustup/toolchains/nightly-2024-09-17-x86_64-unknown-linux-gnu/lib/rustlib/thumbv7em-none-eabihf/lib/libcompiler_builtins-53d64bf4200dbde9.rlib(compiler_builtins-53d64bf4200dbde9.compiler_builtins.cb1056fec953b42b-cgu.279.rcgu.o):(.debug_line)
   1ff1a    1ff1a      2e9     1         /home/ferrite/.rustup/toolchains/nightly-2024-09-17-x86_64-unknown-linux-gnu/lib/rustlib/thumbv7em-none-eabihf/lib/libcompiler_builtins-53d64bf4200dbde9.rlib(compiler_builtins-53d64bf4200dbde9.compiler_builtins.cb1056fec953b42b-cgu.317.rcgu.o):(.debug_line)
   20203    20203      1b2     1         /home/ferrite/.rustup/toolchains/nightly-2024-09-17-x86_64-unknown-linux-gnu/lib/rustlib/thumbv7em-none-eabihf/lib/libcompiler_builtins-53d64bf4200dbde9.rlib(compiler_builtins-53d64bf4200dbde9.compiler_builtins.cb1056fec953b42b-cgu.324.rcgu.o):(.debug_line)
   203b5    203b5      1d4     1         /home/ferrite/.rustup/toolchains/nightly-2024-09-17-x86_64-unknown-linux-gnu/lib/rustlib/thumbv7em-none-eabihf/lib/libcompiler_builtins-53d64bf4200dbde9.rlib(compiler_builtins-53d64bf4200dbde9.compiler_builtins.cb1056fec953b42b-cgu.335.rcgu.o):(.debug_line)
   20589    20589      215     1         /home/ferrite/.rustup/toolchains/nightly-2024-09-17-x86_64-unknown-linux-gnu/lib/rustlib/thumbv7em-none-eabihf/lib/libcompiler_builtins-53d64bf4200dbde9.rlib(compiler_builtins-53d64bf4200dbde9.compiler_builtins.cb1056fec953b42b-cgu.337.rcgu.o):(.debug_line)
   2079e    2079e       4b     1         /home/ferrite/.rustup/toolchains/nightly-2024-09-17-x86_64-unknown-linux-gnu/lib/rustlib/thumbv7em-none-eabihf/lib/libcompiler_builtins-53d64bf4200dbde9.rlib(compiler_builtins-53d64bf4200dbde9.compiler_builtins.cb1056fec953b42b-cgu.348.rcgu.o):(.debug_line)
   207e9    207e9       99     1         /home/ferrite/.rustup/toolchains/nightly-2024-09-17-x86_64-unknown-linux-gnu/lib/rustlib/thumbv7em-none-eabihf/lib/libcompiler_builtins-53d64bf4200dbde9.rlib(compiler_builtins-53d64bf4200dbde9.compiler_builtins.cb1056fec953b42b-cgu.210.rcgu.o):(.debug_line)
   20882    20882      630     1         /home/ferrite/.rustup/toolchains/nightly-2024-09-17-x86_64-unknown-linux-gnu/lib/rustlib/thumbv7em-none-eabihf/lib/libcompiler_builtins-53d64bf4200dbde9.rlib(compiler_builtins-53d64bf4200dbde9.compiler_builtins.cb1056fec953b42b-cgu.008.rcgu.o):(.debug_line)
       0        0     34a0     4 .symtab
       0        0     34a0     4         <internal>:(.symtab)
       0        0       f1     1 .shstrtab
       0        0       f1     1         <internal>:(.shstrtab)
       0        0     8e86     1 .strtab
       0        0     8e86     1         <internal>:(.strtab)
